Archive member included to satisfy reference by file (symbol)

C:/ST/STM32CubeIDE_1.14.1/STM32CubeIDE/plugins/com.st.stm32cube.ide.mcu.externaltools.gnu-tools-for-stm32.12.3.rel1.win32_1.0.200.202406191623/tools/bin/../lib/gcc/arm-none-eabi/12.3.1/../../../../arm-none-eabi/lib/thumb/v7e-m+fp/hard\libc_nano.a(libc_a-exit.o)
                              C:/ST/STM32CubeIDE_1.14.1/STM32CubeIDE/plugins/com.st.stm32cube.ide.mcu.externaltools.gnu-tools-for-stm32.12.3.rel1.win32_1.0.200.202406191623/tools/bin/../lib/gcc/arm-none-eabi/12.3.1/../../../../arm-none-eabi/lib/thumb/v7e-m+fp/hard/crt0.o (exit)
C:/ST/STM32CubeIDE_1.14.1/STM32CubeIDE/plugins/com.st.stm32cube.ide.mcu.externaltools.gnu-tools-for-stm32.12.3.rel1.win32_1.0.200.202406191623/tools/bin/../lib/gcc/arm-none-eabi/12.3.1/../../../../arm-none-eabi/lib/thumb/v7e-m+fp/hard\libc_nano.a(libc_a-findfp.o)
                              C:/ST/STM32CubeIDE_1.14.1/STM32CubeIDE/plugins/com.st.stm32cube.ide.mcu.externaltools.gnu-tools-for-stm32.12.3.rel1.win32_1.0.200.202406191623/tools/bin/../lib/gcc/arm-none-eabi/12.3.1/../../../../arm-none-eabi/lib/thumb/v7e-m+fp/hard\libc_nano.a(libc_a-exit.o) (__stdio_exit_handler)
C:/ST/STM32CubeIDE_1.14.1/STM32CubeIDE/plugins/com.st.stm32cube.ide.mcu.externaltools.gnu-tools-for-stm32.12.3.rel1.win32_1.0.200.202406191623/tools/bin/../lib/gcc/arm-none-eabi/12.3.1/../../../../arm-none-eabi/lib/thumb/v7e-m+fp/hard\libc_nano.a(libc_a-fwalk.o)
                              C:/ST/STM32CubeIDE_1.14.1/STM32CubeIDE/plugins/com.st.stm32cube.ide.mcu.externaltools.gnu-tools-for-stm32.12.3.rel1.win32_1.0.200.202406191623/tools/bin/../lib/gcc/arm-none-eabi/12.3.1/../../../../arm-none-eabi/lib/thumb/v7e-m+fp/hard\libc_nano.a(libc_a-findfp.o) (_fwalk_sglue)
C:/ST/STM32CubeIDE_1.14.1/STM32CubeIDE/plugins/com.st.stm32cube.ide.mcu.externaltools.gnu-tools-for-stm32.12.3.rel1.win32_1.0.200.202406191623/tools/bin/../lib/gcc/arm-none-eabi/12.3.1/../../../../arm-none-eabi/lib/thumb/v7e-m+fp/hard\libc_nano.a(libc_a-stdio.o)
                              C:/ST/STM32CubeIDE_1.14.1/STM32CubeIDE/plugins/com.st.stm32cube.ide.mcu.externaltools.gnu-tools-for-stm32.12.3.rel1.win32_1.0.200.202406191623/tools/bin/../lib/gcc/arm-none-eabi/12.3.1/../../../../arm-none-eabi/lib/thumb/v7e-m+fp/hard\libc_nano.a(libc_a-findfp.o) (__sread)
C:/ST/STM32CubeIDE_1.14.1/STM32CubeIDE/plugins/com.st.stm32cube.ide.mcu.externaltools.gnu-tools-for-stm32.12.3.rel1.win32_1.0.200.202406191623/tools/bin/../lib/gcc/arm-none-eabi/12.3.1/../../../../arm-none-eabi/lib/thumb/v7e-m+fp/hard\libc_nano.a(libc_a-memset.o)
                              C:/ST/STM32CubeIDE_1.14.1/STM32CubeIDE/plugins/com.st.stm32cube.ide.mcu.externaltools.gnu-tools-for-stm32.12.3.rel1.win32_1.0.200.202406191623/tools/bin/../lib/gcc/arm-none-eabi/12.3.1/../../../../arm-none-eabi/lib/thumb/v7e-m+fp/hard/crt0.o (memset)
C:/ST/STM32CubeIDE_1.14.1/STM32CubeIDE/plugins/com.st.stm32cube.ide.mcu.externaltools.gnu-tools-for-stm32.12.3.rel1.win32_1.0.200.202406191623/tools/bin/../lib/gcc/arm-none-eabi/12.3.1/../../../../arm-none-eabi/lib/thumb/v7e-m+fp/hard\libc_nano.a(libc_a-closer.o)
                              C:/ST/STM32CubeIDE_1.14.1/STM32CubeIDE/plugins/com.st.stm32cube.ide.mcu.externaltools.gnu-tools-for-stm32.12.3.rel1.win32_1.0.200.202406191623/tools/bin/../lib/gcc/arm-none-eabi/12.3.1/../../../../arm-none-eabi/lib/thumb/v7e-m+fp/hard\libc_nano.a(libc_a-stdio.o) (_close_r)
C:/ST/STM32CubeIDE_1.14.1/STM32CubeIDE/plugins/com.st.stm32cube.ide.mcu.externaltools.gnu-tools-for-stm32.12.3.rel1.win32_1.0.200.202406191623/tools/bin/../lib/gcc/arm-none-eabi/12.3.1/../../../../arm-none-eabi/lib/thumb/v7e-m+fp/hard\libc_nano.a(libc_a-reent.o)
                              C:/ST/STM32CubeIDE_1.14.1/STM32CubeIDE/plugins/com.st.stm32cube.ide.mcu.externaltools.gnu-tools-for-stm32.12.3.rel1.win32_1.0.200.202406191623/tools/bin/../lib/gcc/arm-none-eabi/12.3.1/../../../../arm-none-eabi/lib/thumb/v7e-m+fp/hard\libc_nano.a(libc_a-closer.o) (errno)
C:/ST/STM32CubeIDE_1.14.1/STM32CubeIDE/plugins/com.st.stm32cube.ide.mcu.externaltools.gnu-tools-for-stm32.12.3.rel1.win32_1.0.200.202406191623/tools/bin/../lib/gcc/arm-none-eabi/12.3.1/../../../../arm-none-eabi/lib/thumb/v7e-m+fp/hard\libc_nano.a(libc_a-impure.o)
                              C:/ST/STM32CubeIDE_1.14.1/STM32CubeIDE/plugins/com.st.stm32cube.ide.mcu.externaltools.gnu-tools-for-stm32.12.3.rel1.win32_1.0.200.202406191623/tools/bin/../lib/gcc/arm-none-eabi/12.3.1/../../../../arm-none-eabi/lib/thumb/v7e-m+fp/hard\libc_nano.a(libc_a-reent.o) (_impure_ptr)
C:/ST/STM32CubeIDE_1.14.1/STM32CubeIDE/plugins/com.st.stm32cube.ide.mcu.externaltools.gnu-tools-for-stm32.12.3.rel1.win32_1.0.200.202406191623/tools/bin/../lib/gcc/arm-none-eabi/12.3.1/../../../../arm-none-eabi/lib/thumb/v7e-m+fp/hard\libc_nano.a(libc_a-lseekr.o)
[...]
Memory Configuration

Name             Origin             Length             Attributes
RAM              0x20000000         0x00010000         xrw
RAM2             0x10000000         0x00004000         xrw
FLASH            0x0800a000         0x00040000         xr
*default*        0x00000000         0xffffffff

Linker script and memory map

LOAD C:/ST/STM32CubeIDE_1.14.1/STM32CubeIDE/plugins/com.st.stm32cube.ide.mcu.externaltools.gnu-tools-for-stm32.12.3.rel1.win32_1.0.200.202406191623/tools/bin/../lib/gcc/arm-none-eabi/12.3.1/thumb/v7e-m+fp/hard/crti.o
LOAD C:/ST/STM32CubeIDE_1.14.1/STM32CubeIDE/plugins/com.st.stm32cube.ide.mcu.externaltools.gnu-tools-for-stm32.12.3.rel1.win32_1.0.200.202406191623/tools/bin/../lib/gcc/arm-none-eabi/12.3.1/thumb/v7e-m+fp/hard/crtbegin.o
LOAD C:/ST/STM32CubeIDE_1.14.1/STM32CubeIDE/plugins/com.st.stm32cube.ide.mcu.externaltools.gnu-tools-for-stm32.12.3.rel1.win32_1.0.200.202406191623/tools/bin/../lib/gcc/arm-none-eabi/12.3.1/../../../../arm-none-eabi/lib/thumb/v7e-m+fp/hard/crt0.o
LOAD ./Core/Src/flash.o
LOAD ./Core/Src/foo.o
LOAD ./Core/Src/main.o
LOAD ./Core/Src/pwm.o
LOAD ./Core/Src/stm32l4xx_hal_msp.o
LOAD ./Core/Src/stm32l4xx_it.o
LOAD ./Core/Src/syscalls.o
LOAD ./Core/Src/sysmem.o
LOAD ./Core/Src/system_stm32l4xx.o
LOAD ./Core/Src/wdt.o
LOAD ./Core/Startup/startup_stm32l431rctx.o
LOAD ./Drivers/STM32L4xx_HAL_Driver/Src/stm32l4xx_hal.o
LOAD ./Drivers/STM32L4xx_HAL_Driver/Src/stm32l4xx_hal_cortex.o
LOAD ./Drivers/STM32L4xx_HAL_Driver/Src/stm32l4xx_hal_dma.o
LOAD ./Drivers/STM32L4xx_HAL_Driver/Src/stm32l4xx_hal_dma_ex.o
LOAD ./Drivers/STM32L4xx_HAL_Driver/Src/stm32l4xx_hal_exti.o
LOAD ./Drivers/STM32L4xx_HAL_Driver/Src/stm32l4xx_hal_flash.o
LOAD ./Drivers/STM32L4xx_HAL_Driver/Src/stm32l4xx_hal_flash_ex.o
LOAD ./Drivers/STM32L4xx_HAL_Driver/Src/stm32l4xx_hal_flash_ramfunc.o
LOAD ./Drivers/STM32L4xx_HAL_Driver/Src/stm32l4xx_hal_gpio.o
LOAD ./Drivers/STM32L4xx_HAL_Driver/Src/stm32l4xx_hal_i2c.o
LOAD ./Drivers/STM32L4xx_HAL_Driver/Src/stm32l4xx_hal_i2c_ex.o
LOAD ./Drivers/STM32L4xx_HAL_Driver/Src/stm32l4xx_hal_iwdg.o
LOAD ./Drivers/STM32L4xx_HAL_Driver/Src/stm32l4xx_hal_pwr.o
LOAD ./Drivers/STM32L4xx_HAL_Driver/Src/stm32l4xx_hal_pwr_ex.o
LOAD ./Drivers/STM32L4xx_HAL_Driver/Src/stm32l4xx_hal_rcc.o
LOAD ./Drivers/STM32L4xx_HAL_Driver/Src/stm32l4xx_hal_rcc_ex.o
LOAD ./Drivers/STM32L4xx_HAL_Driver/Src/stm32l4xx_hal_tim.o
LOAD ./Drivers/STM32L4xx_HAL_Driver/Src/stm32l4xx_hal_tim_ex.o
LOAD ./Drivers/STM32L4xx_HAL_Driver/Src/stm32l4xx_hal_uart.o
LOAD ./Drivers/STM32L4xx_HAL_Driver/Src/stm32l4xx_hal_uart_ex.o
START GROUP
LOAD C:/ST/STM32CubeIDE_1.14.1/STM32CubeIDE/plugins/com.st.stm32cube.ide.mcu.externaltools.gnu-tools-for-stm32.12.3.rel1.win32_1.0.200.202406191623/tools/bin/../lib/gcc/arm-none-eabi/12.3.1/../../../../arm-none-eabi/lib/thumb/v7e-m+fp/hard\libc_nano.a
LOAD C:/ST/STM32CubeIDE_1.14.1/STM32CubeIDE/plugins/com.st.stm32cube.ide.mcu.externaltools.gnu-tools-for-stm32.12.3.rel1.win32_1.0.200.202406191623/tools/bin/../lib/gcc/arm-none-eabi/12.3.1/../../../../arm-none-eabi/lib/thumb/v7e-m+fp/hard\libm.a
END GROUP
START GROUP
LOAD C:/ST/STM32CubeIDE_1.14.1/STM32CubeIDE/plugins/com.st.stm32cube.ide.mcu.externaltools.gnu-tools-for-stm32.12.3.rel1.win32_1.0.200.202406191623/tools/bin/../lib/gcc/arm-none-eabi/12.3.1/thumb/v7e-m+fp/hard\libgcc.a
LOAD C:/ST/STM32CubeIDE_1.14.1/STM32CubeIDE/plugins/com.st.stm32cube.ide.mcu.externaltools.gnu-tools-for-stm32.12.3.rel1.win32_1.0.200.202406191623/tools/bin/../lib/gcc/arm-none-eabi/12.3.1/../../../../arm-none-eabi/lib/thumb/v7e-m+fp/hard\libc_nano.a
END GROUP
START GROUP
LOAD C:/ST/STM32CubeIDE_1.14.1/STM32CubeIDE/plugins/com.st.stm32cube.ide.mcu.externaltools.gnu-tools-for-stm32.12.3.rel1.win32_1.0.200.202406191623/tools/bin/../lib/gcc/arm-none-eabi/12.3.1/thumb/v7e-m+fp/hard\libgcc.a
LOAD C:/ST/STM32CubeIDE_1.14.1/STM32CubeIDE/plugins/com.st.stm32cube.ide.mcu.externaltools.gnu-tools-for-stm32.12.3.rel1.win32_1.0.200.202406191623/tools/bin/../lib/gcc/arm-none-eabi/12.3.1/../../../../arm-none-eabi/lib/thumb/v7e-m+fp/hard\libc_nano.a
LOAD C:/ST/STM32CubeIDE_1.14.1/STM32CubeIDE/plugins/com.st.stm32cube.ide.mcu.externaltools.gnu-tools-for-stm32.12.3.rel1.win32_1.0.200.202406191623/tools/bin/../lib/gcc/arm-none-eabi/12.3.1/../../../../arm-none-eabi/lib/thumb/v7e-m+fp/hard\libnosys.a
END GROUP
START GROUP
LOAD C:/ST/STM32CubeIDE_1.14.1/STM32CubeIDE/plugins/com.st.stm32cube.ide.mcu.externaltools.gnu-tools-for-stm32.12.3.rel1.win32_1.0.200.202406191623/tools/bin/../lib/gcc/arm-none-eabi/12.3.1/thumb/v7e-m+fp/hard\libgcc.a
LOAD C:/ST/STM32CubeIDE_1.14.1/STM32CubeIDE/plugins/com.st.stm32cube.ide.mcu.externaltools.gnu-tools-for-stm32.12.3.rel1.win32_1.0.200.202406191623/tools/bin/../lib/gcc/arm-none-eabi/12.3.1/../../../../arm-none-eabi/lib/thumb/v7e-m+fp/hard\libc_nano.a
LOAD C:/ST/STM32CubeIDE_1.14.1/STM32CubeIDE/plugins/com.st.stm32cube.ide.mcu.externaltools.gnu-tools-for-stm32.12.3.rel1.win32_1.0.200.202406191623/tools/bin/../lib/gcc/arm-none-eabi/12.3.1/../../../../arm-none-eabi/lib/thumb/v7e-m+fp/hard\libnosys.a
END GROUP
LOAD C:/ST/STM32CubeIDE_1.14.1/STM32CubeIDE/plugins/com.st.stm32cube.ide.mcu.externaltools.gnu-tools-for-stm32.12.3.rel1.win32_1.0.200.202406191623/tools/bin/../lib/gcc/arm-none-eabi/12.3.1/thumb/v7e-m+fp/hard/crtend.o
LOAD C:/ST/STM32CubeIDE_1.14.1/STM32CubeIDE/plugins/com.st.stm32cube.ide.mcu.externaltools.gnu-tools-for-stm32.12.3.rel1.win32_1.0.200.202406191623/tools/bin/../lib/gcc/arm-none-eabi/12.3.1/thumb/v7e-m+fp/hard/crtn.o
                0x20010000                        _estack = (ORIGIN (RAM) + LENGTH (RAM))
                0x00000200                        _Min_Heap_Size = 0x200
                0x00000400                        _Min_Stack_Size = 0x400

.isr_vector     0x0800a000      0x18c
                0x0800a000                        . = ALIGN (0x4)
 *(.isr_vector)
 .isr_vector    0x0800a000      0x18c ./Core/Startup/startup_stm32l431rctx.o
                0x0800a000                g_pfnVectors
                0x0800a18c                        . = ALIGN (0x4)

.text           0x0800a18c     0x5d48
                0x0800a18c                        . = ALIGN (0x4)
 *(.text)
 .text          0x0800a18c       0x40 C:/ST/STM32CubeIDE_1.14.1/STM32CubeIDE/plugins/com.st.stm32cube.ide.mcu.externaltools.gnu-tools-for-stm32.12.3.rel1.win32_1.0.200.202406191623/tools/bin/../lib/gcc/arm-none-eabi/12.3.1/thumb/v7e-m+fp/hard/crtbegin.o
 .text          0x0800a1cc      0x378 C:/ST/STM32CubeIDE_1.14.1/STM32CubeIDE/plugins/com.st.stm32cube.ide.mcu.externaltools.gnu-tools-for-stm32.12.3.rel1.win32_1.0.200.202406191623/tools/bin/../lib/gcc/arm-none-eabi/12.3.1/thumb/v7e-m+fp/hard\libgcc.a(_arm_addsubdf3.o)
                0x0800a1cc                __aeabi_drsub
                0x0800a1d4                __aeabi_dsub
                0x0800a1d4                __subdf3
                0x0800a1d8                __aeabi_dadd
                0x0800a1d8                __adddf3
                0x0800a450                __floatunsidf
                0x0800a450                __aeabi_ui2d
                0x0800a470                __floatsidf
                0x0800a470                __aeabi_i2d
                0x0800a494                __aeabi_f2d
                0x0800a494                __extendsfdf2
                0x0800a4d8                __floatundidf
                0x0800a4d8                __aeabi_ul2d
                0x0800a4e8                __floatdidf
                0x0800a4e8                __aeabi_l2d
 .text          0x0800a544       0x40 C:/ST/STM32CubeIDE_1.14.1/STM32CubeIDE/plugins/com.st.stm32cube.ide.mcu.externaltools.gnu-tools-for-stm32.12.3.rel1.win32_1.0.200.202406191623/tools/bin/../lib/gcc/arm-none-eabi/12.3.1/thumb/v7e-m+fp/hard\libgcc.a(_arm_fixunsdfsi.o)
                0x0800a544                __aeabi_d2uiz
                0x0800a544                __fixunsdfsi
 .text          0x0800a584       0x30 C:/ST/STM32CubeIDE_1.14.1/STM32CubeIDE/plugins/com.st.stm32cube.ide.mcu.externaltools.gnu-tools-for-stm32.12.3.rel1.win32_1.0.200.202406191623/tools/bin/../lib/gcc/arm-none-eabi/12.3.1/thumb/v7e-m+fp/hard\libgcc.a(_aeabi_uldivmod.o)
                0x0800a584                __aeabi_uldivmod
 .text          0x0800a5b4      0x2bc C:/ST/STM32CubeIDE_1.14.1/STM32CubeIDE/plugins/com.st.stm32cube.ide.mcu.externaltools.gnu-tools-for-stm32.12.3.rel1.win32_1.0.200.202406191623/tools/bin/../lib/gcc/arm-none-eabi/12.3.1/thumb/v7e-m+fp/hard\libgcc.a(_udivmoddi4.o)
                0x0800a5b4                __udivmoddi4
 .text          0x0800a870        0x4 C:/ST/STM32CubeIDE_1.14.1/STM32CubeIDE/plugins/com.st.stm32cube.ide.mcu.externaltools.gnu-tools-for-stm32.12.3.rel1.win32_1.0.200.202406191623/tools/bin/../lib/gcc/arm-none-eabi/12.3.1/thumb/v7e-m+fp/hard\libgcc.a(_dvmd_tls.o)
                0x0800a870                __aeabi_idiv0
                0x0800a870                __aeabi_ldiv0
 *(.text*)
 .text.get_page_by_address
                0x0800a874       0x1c ./Core/Src/flash.o
 .text.flash_erase_page
                0x0800a890       0x4e ./Core/Src/flash.o
                0x0800a890                flash_erase_page
 .text.flash_write_data
                0x0800a8de      0x148 ./Core/Src/flash.o
                0x0800a8de                flash_write_data
 *fill*         0x0800aa26        0x2 
 .text.set_pwm_led
                0x0800aa28       0x54 ./Core/Src/foo.o
 .text.set_serial_number
                0x0800aa7c       0x88 ./Core/Src/foo.o
                0x0800aa7c                set_serial_number
 .text.get_serial_number
                0x0800ab04       0x9c ./Core/Src/foo.o
                0x0800ab04                get_serial_number
 .text.responses
                0x0800aba0       0xc0 ./Core/Src/foo.o
 .text.handle_request
                0x0800ac60      0x300 ./Core/Src/foo.o
                0x0800ac60                handle_request
 .text.HAL_UARTEx_RxEventCallback
                0x0800af60       0x30 ./Core/Src/main.o
                0x0800af60                HAL_UARTEx_RxEventCallback
 .text.main     0x0800af90      0x124 ./Core/Src/main.o
                0x0800af90                main
 .text.SystemClock_Config
                0x0800b0b4       0xa2 ./Core/Src/main.o
                0x0800b0b4                SystemClock_Config
 *fill*         0x0800b156        0x2 
 .text.MX_IWDG_Init
                0x0800b158       0x3c ./Core/Src/main.o
 .text.MX_TIM2_Init
                0x0800b194       0xb4 ./Core/Src/main.o
 .text.MX_USART1_UART_Init
                0x0800b248       0x60 ./Core/Src/main.o
 .text.MX_GPIO_Init
                0x0800b2a8       0x98 ./Core/Src/main.o
 .text.Error_Handler
                0x0800b340        0xc ./Core/Src/main.o
                0x0800b340                Error_Handler
 .text.pwm_init
                0x0800b34c      0x150 ./Core/Src/pwm.o
                0x0800b34c                pwm_init
 .text.pwm_set_dutycycle
                0x0800b49c       0xa4 ./Core/Src/pwm.o
                0x0800b49c                pwm_set_dutycycle
 .text.pwm_set_frequency
                0x0800b540      0x124 ./Core/Src/pwm.o
                0x0800b540                pwm_set_frequency
 .text.HAL_MspInit
                0x0800b664       0x48 ./Core/Src/stm32l4xx_hal_msp.o
                0x0800b664                HAL_MspInit
 .text.HAL_TIM_PWM_MspInit
                0x0800b6ac       0x3c ./Core/Src/stm32l4xx_hal_msp.o
                0x0800b6ac                HAL_TIM_PWM_MspInit
 .text.HAL_TIM_MspPostInit
                0x0800b6e8       0x68 ./Core/Src/stm32l4xx_hal_msp.o
                0x0800b6e8                HAL_TIM_MspPostInit
 .text.HAL_UART_MspInit
                0x0800b750       0xc0 ./Core/Src/stm32l4xx_hal_msp.o
                0x0800b750                HAL_UART_MspInit
 .text.NMI_Handler
                0x0800b810        0x8 ./Core/Src/stm32l4xx_it.o
                0x0800b810                NMI_Handler
 .text.HardFault_Handler
                0x0800b818        0x8 ./Core/Src/stm32l4xx_it.o
                0x0800b818                HardFault_Handler
 .text.MemManage_Handler
                0x0800b820        0x8 ./Core/Src/stm32l4xx_it.o
                0x0800b820                MemManage_Handler
 .text.BusFault_Handler
                0x0800b828        0x8 ./Core/Src/stm32l4xx_it.o
                0x0800b828                BusFault_Handler
 .text.UsageFault_Handler
                0x0800b830        0x8 ./Core/Src/stm32l4xx_it.o
                0x0800b830                UsageFault_Handler
 .text.SVC_Handler
                0x0800b838        0xe ./Core/Src/stm32l4xx_it.o
                0x0800b838                SVC_Handler
 .text.DebugMon_Handler
                0x0800b846        0xe ./Core/Src/stm32l4xx_it.o
                0x0800b846                DebugMon_Handler
 .text.PendSV_Handler
                0x0800b854        0xe ./Core/Src/stm32l4xx_it.o
                0x0800b854                PendSV_Handler
 .text.SysTick_Handler
                0x0800b862        0xc ./Core/Src/stm32l4xx_it.o
                0x0800b862                SysTick_Handler
 *fill*         0x0800b86e        0x2 
 .text.USART1_IRQHandler
                0x0800b870       0x14 ./Core/Src/stm32l4xx_it.o
                0x0800b870                USART1_IRQHandler
 .text.SystemInit
                0x0800b884       0x2c ./Core/Src/system_stm32l4xx.o
                0x0800b884                SystemInit
 .text.watchdog_set_timeout
                0x0800b8b0       0x90 ./Core/Src/wdt.o
                0x0800b8b0                watchdog_set_timeout
 .text.ping_to_watchdog
                0x0800b940       0x18 ./Core/Src/wdt.o
                0x0800b940                ping_to_watchdog
 .text.Reset_Handler
                0x0800b958       0x50 ./Core/Startup/startup_stm32l431rctx.o
                0x0800b958                Reset_Handler
 .text.Default_Handler
                0x0800b9a8        0x2 ./Core/Startup/startup_stm32l431rctx.o
                0x0800b9a8                RTC_Alarm_IRQHandler
                0x0800b9a8                EXTI2_IRQHandler
                0x0800b9a8                TIM1_CC_IRQHandler
                0x0800b9a8                TSC_IRQHandler
                0x0800b9a8                TAMP_STAMP_IRQHandler
                0x0800b9a8                EXTI3_IRQHandler
                0x0800b9a8                LPTIM2_IRQHandler
                0x0800b9a8                I2C3_ER_IRQHandler
                0x0800b9a8                EXTI0_IRQHandler
                0x0800b9a8                I2C2_EV_IRQHandler
                0x0800b9a8                CAN1_RX0_IRQHandler
                0x0800b9a8                FPU_IRQHandler
                0x0800b9a8                TIM1_UP_TIM16_IRQHandler
                0x0800b9a8                SPI1_IRQHandler
                0x0800b9a8                TIM6_DAC_IRQHandler
                0x0800b9a8                DMA2_Channel2_IRQHandler
                0x0800b9a8                DMA1_Channel4_IRQHandler
                0x0800b9a8                ADC1_IRQHandler
                0x0800b9a8                USART3_IRQHandler
                0x0800b9a8                DMA1_Channel7_IRQHandler
                0x0800b9a8                CAN1_RX1_IRQHandler
                0x0800b9a8                DMA2_Channel1_IRQHandler
                0x0800b9a8                QUADSPI_IRQHandler
                0x0800b9a8                I2C1_EV_IRQHandler
                0x0800b9a8                DMA1_Channel6_IRQHandler
                0x0800b9a8                DMA2_Channel4_IRQHandler
                0x0800b9a8                RCC_IRQHandler
                0x0800b9a8                TIM1_TRG_COM_IRQHandler
                0x0800b9a8                DMA1_Channel1_IRQHandler
                0x0800b9a8                Default_Handler
                0x0800b9a8                DMA2_Channel7_IRQHandler
                0x0800b9a8                EXTI15_10_IRQHandler
                0x0800b9a8                TIM7_IRQHandler
                0x0800b9a8                SDMMC1_IRQHandler
                0x0800b9a8                I2C3_EV_IRQHandler
                0x0800b9a8                EXTI9_5_IRQHandler
                0x0800b9a8                RTC_WKUP_IRQHandler
                0x0800b9a8                PVD_PVM_IRQHandler
                0x0800b9a8                SPI2_IRQHandler
                0x0800b9a8                CAN1_TX_IRQHandler
                0x0800b9a8                DMA2_Channel5_IRQHandler
                0x0800b9a8                CRS_IRQHandler
                0x0800b9a8                DMA1_Channel5_IRQHandler
                0x0800b9a8                EXTI4_IRQHandler
                0x0800b9a8                RNG_IRQHandler
                0x0800b9a8                DMA1_Channel3_IRQHandler
                0x0800b9a8                COMP_IRQHandler
                0x0800b9a8                WWDG_IRQHandler
                0x0800b9a8                LPUART1_IRQHandler
                0x0800b9a8                DMA2_Channel6_IRQHandler
                0x0800b9a8                TIM2_IRQHandler
                0x0800b9a8                EXTI1_IRQHandler
                0x0800b9a8                USART2_IRQHandler
                0x0800b9a8                I2C2_ER_IRQHandler
                0x0800b9a8                DMA1_Channel2_IRQHandler
                0x0800b9a8                CAN1_SCE_IRQHandler
                0x0800b9a8                FLASH_IRQHandler
                0x0800b9a8                SPI3_IRQHandler
                0x0800b9a8                I2C1_ER_IRQHandler
                0x0800b9a8                SWPMI1_IRQHandler
                0x0800b9a8                LPTIM1_IRQHandler
                0x0800b9a8                SAI1_IRQHandler
                0x0800b9a8                DMA2_Channel3_IRQHandler
                0x0800b9a8                TIM1_BRK_TIM15_IRQHandler
 .text.HAL_Init
                0x0800b9aa       0x30 ./Drivers/STM32L4xx_HAL_Driver/Src/stm32l4xx_hal.o
                0x0800b9aa                HAL_Init
 *fill*         0x0800b9da        0x2 
 .text.HAL_InitTick
                0x0800b9dc       0x78 ./Drivers/STM32L4xx_HAL_Driver/Src/stm32l4xx_hal.o
                0x0800b9dc                HAL_InitTick
 .text.HAL_IncTick
                0x0800ba54       0x28 ./Drivers/STM32L4xx_HAL_Driver/Src/stm32l4xx_hal.o
                0x0800ba54                HAL_IncTick
 .text.HAL_GetTick
                0x0800ba7c       0x18 ./Drivers/STM32L4xx_HAL_Driver/Src/stm32l4xx_hal.o
                0x0800ba7c                HAL_GetTick
 .text.__NVIC_SetPriorityGrouping
                0x0800ba94       0x48 ./Drivers/STM32L4xx_HAL_Driver/Src/stm32l4xx_hal_cortex.o
 .text.__NVIC_GetPriorityGrouping
                0x0800badc       0x1c ./Drivers/STM32L4xx_HAL_Driver/Src/stm32l4xx_hal_cortex.o
 .text.__NVIC_EnableIRQ
                0x0800baf8       0x3c ./Drivers/STM32L4xx_HAL_Driver/Src/stm32l4xx_hal_cortex.o
 .text.__NVIC_SetPriority
                0x0800bb34       0x54 ./Drivers/STM32L4xx_HAL_Driver/Src/stm32l4xx_hal_cortex.o
 .text.NVIC_EncodePriority
                0x0800bb88       0x66 ./Drivers/STM32L4xx_HAL_Driver/Src/stm32l4xx_hal_cortex.o
 *fill*         0x0800bbee        0x2 
 .text.__NVIC_SystemReset
                0x0800bbf0       0x2c ./Drivers/STM32L4xx_HAL_Driver/Src/stm32l4xx_hal_cortex.o
 .text.SysTick_Config
                0x0800bc1c       0x44 ./Drivers/STM32L4xx_HAL_Driver/Src/stm32l4xx_hal_cortex.o
 .text.HAL_NVIC_SetPriorityGrouping
                0x0800bc60       0x16 ./Drivers/STM32L4xx_HAL_Driver/Src/stm32l4xx_hal_cortex.o
                0x0800bc60                HAL_NVIC_SetPriorityGrouping
 .text.HAL_NVIC_SetPriority
                0x0800bc76       0x38 ./Drivers/STM32L4xx_HAL_Driver/Src/stm32l4xx_hal_cortex.o
                0x0800bc76                HAL_NVIC_SetPriority
 .text.HAL_NVIC_EnableIRQ
                0x0800bcae       0x1c ./Drivers/STM32L4xx_HAL_Driver/Src/stm32l4xx_hal_cortex.o
                0x0800bcae                HAL_NVIC_EnableIRQ
 .text.HAL_NVIC_SystemReset
                0x0800bcca        0x8 ./Drivers/STM32L4xx_HAL_Driver/Src/stm32l4xx_hal_cortex.o
                0x0800bcca                HAL_NVIC_SystemReset
 .text.HAL_SYSTICK_Config
                0x0800bcd2       0x18 ./Drivers/STM32L4xx_HAL_Driver/Src/stm32l4xx_hal_cortex.o
                0x0800bcd2                HAL_SYSTICK_Config
 .text.HAL_DMA_Abort
                0x0800bcea       0x7c ./Drivers/STM32L4xx_HAL_Driver/Src/stm32l4xx_hal_dma.o
                0x0800bcea                HAL_DMA_Abort
 .text.HAL_DMA_Abort_IT
                0x0800bd66       0x82 ./Drivers/STM32L4xx_HAL_Driver/Src/stm32l4xx_hal_dma.o
                0x0800bd66                HAL_DMA_Abort_IT
 .text.HAL_FLASH_Program
                0x0800bde8       0xd8 ./Drivers/STM32L4xx_HAL_Driver/Src/stm32l4xx_hal_flash.o
                0x0800bde8                HAL_FLASH_Program
 .text.HAL_FLASH_Unlock
                0x0800bec0       0x44 ./Drivers/STM32L4xx_HAL_Driver/Src/stm32l4xx_hal_flash.o
                0x0800bec0                HAL_FLASH_Unlock
 .text.HAL_FLASH_Lock
                0x0800bf04       0x20 ./Drivers/STM32L4xx_HAL_Driver/Src/stm32l4xx_hal_flash.o
                0x0800bf04                HAL_FLASH_Lock
 .text.FLASH_WaitForLastOperation
                0x0800bf24       0xac ./Drivers/STM32L4xx_HAL_Driver/Src/stm32l4xx_hal_flash.o
                0x0800bf24                FLASH_WaitForLastOperation
 .text.FLASH_Program_DoubleWord
                0x0800bfd0       0x4c ./Drivers/STM32L4xx_HAL_Driver/Src/stm32l4xx_hal_flash.o
 .text.FLASH_Program_Fast
                0x0800c01c       0x6c ./Drivers/STM32L4xx_HAL_Driver/Src/stm32l4xx_hal_flash.o
 .text.HAL_FLASHEx_Erase
                0x0800c088      0x134 ./Drivers/STM32L4xx_HAL_Driver/Src/stm32l4xx_hal_flash_ex.o
                0x0800c088                HAL_FLASHEx_Erase
 .text.FLASH_MassErase
                0x0800c1bc       0x3c ./Drivers/STM32L4xx_HAL_Driver/Src/stm32l4xx_hal_flash_ex.o
 .text.FLASH_PageErase
                0x0800c1f8       0x48 ./Drivers/STM32L4xx_HAL_Driver/Src/stm32l4xx_hal_flash_ex.o
                0x0800c1f8                FLASH_PageErase
 .text.FLASH_FlushCaches
                0x0800c240       0x94 ./Drivers/STM32L4xx_HAL_Driver/Src/stm32l4xx_hal_flash_ex.o
                0x0800c240                FLASH_FlushCaches
 .text.HAL_GPIO_Init
                0x0800c2d4      0x2f4 ./Drivers/STM32L4xx_HAL_Driver/Src/stm32l4xx_hal_gpio.o
                0x0800c2d4                HAL_GPIO_Init
 .text.HAL_GPIO_WritePin
                0x0800c5c8       0x30 ./Drivers/STM32L4xx_HAL_Driver/Src/stm32l4xx_hal_gpio.o
                0x0800c5c8                HAL_GPIO_WritePin
 .text.HAL_IWDG_Init
                0x0800c5f8       0xa2 ./Drivers/STM32L4xx_HAL_Driver/Src/stm32l4xx_hal_iwdg.o
                0x0800c5f8                HAL_IWDG_Init
 .text.HAL_IWDG_Refresh
                0x0800c69a       0x20 ./Drivers/STM32L4xx_HAL_Driver/Src/stm32l4xx_hal_iwdg.o
                0x0800c69a                HAL_IWDG_Refresh
 *fill*         0x0800c6ba        0x2 
 .text.HAL_PWREx_GetVoltageRange
                0x0800c6bc       0x1c ./Drivers/STM32L4xx_HAL_Driver/Src/stm32l4xx_hal_pwr_ex.o
                0x0800c6bc                HAL_PWREx_GetVoltageRange
 .text.HAL_PWREx_ControlVoltageScaling
                0x0800c6d8       0xac ./Drivers/STM32L4xx_HAL_Driver/Src/stm32l4xx_hal_pwr_ex.o
                0x0800c6d8                HAL_PWREx_ControlVoltageScaling
 .text.HAL_RCC_OscConfig
                0x0800c784      0x828 ./Drivers/STM32L4xx_HAL_Driver/Src/stm32l4xx_hal_rcc.o
                0x0800c784                HAL_RCC_OscConfig
 .text.HAL_RCC_ClockConfig
                0x0800cfac      0x200 ./Drivers/STM32L4xx_HAL_Driver/Src/stm32l4xx_hal_rcc.o
                0x0800cfac                HAL_RCC_ClockConfig
 .text.HAL_RCC_GetSysClockFreq
                0x0800d1ac      0x118 ./Drivers/STM32L4xx_HAL_Driver/Src/stm32l4xx_hal_rcc.o
                0x0800d1ac                HAL_RCC_GetSysClockFreq
 .text.HAL_RCC_GetHCLKFreq
                0x0800d2c4       0x18 ./Drivers/STM32L4xx_HAL_Driver/Src/stm32l4xx_hal_rcc.o
                0x0800d2c4                HAL_RCC_GetHCLKFreq
 .text.HAL_RCC_GetPCLK1Freq
                0x0800d2dc       0x2c ./Drivers/STM32L4xx_HAL_Driver/Src/stm32l4xx_hal_rcc.o
                0x0800d2dc                HAL_RCC_GetPCLK1Freq
 .text.HAL_RCC_GetPCLK2Freq
                0x0800d308       0x2c ./Drivers/STM32L4xx_HAL_Driver/Src/stm32l4xx_hal_rcc.o
                0x0800d308                HAL_RCC_GetPCLK2Freq
 .text.RCC_SetFlashLatencyFromMSIRange
                0x0800d334       0xc0 ./Drivers/STM32L4xx_HAL_Driver/Src/stm32l4xx_hal_rcc.o
 .text.HAL_RCCEx_PeriphCLKConfig
                0x0800d3f4      0x430 ./Drivers/STM32L4xx_HAL_Driver/Src/stm32l4xx_hal_rcc_ex.o
                0x0800d3f4                HAL_RCCEx_PeriphCLKConfig
 .text.RCCEx_PLLSAI1_Config
                0x0800d824      0x1e4 ./Drivers/STM32L4xx_HAL_Driver/Src/stm32l4xx_hal_rcc_ex.o
 .text.HAL_TIM_PWM_Init
                0x0800da08       0xae ./Drivers/STM32L4xx_HAL_Driver/Src/stm32l4xx_hal_tim.o
                0x0800da08                HAL_TIM_PWM_Init
 *fill*         0x0800dab6        0x2 
 .text.HAL_TIM_PWM_Start
                0x0800dab8      0x1bc ./Drivers/STM32L4xx_HAL_Driver/Src/stm32l4xx_hal_tim.o
                0x0800dab8                HAL_TIM_PWM_Start
 .text.HAL_TIM_PWM_Stop
                0x0800dc74      0x110 ./Drivers/STM32L4xx_HAL_Driver/Src/stm32l4xx_hal_tim.o
                0x0800dc74                HAL_TIM_PWM_Stop
 .text.HAL_TIM_PWM_ConfigChannel
                0x0800dd84      0x228 ./Drivers/STM32L4xx_HAL_Driver/Src/stm32l4xx_hal_tim.o
                0x0800dd84                HAL_TIM_PWM_ConfigChannel
 .text.TIM_Base_SetConfig
                0x0800dfac       0xe0 ./Drivers/STM32L4xx_HAL_Driver/Src/stm32l4xx_hal_tim.o
                0x0800dfac                TIM_Base_SetConfig
 .text.TIM_OC1_SetConfig
                0x0800e08c       0xf8 ./Drivers/STM32L4xx_HAL_Driver/Src/stm32l4xx_hal_tim.o
 .text.TIM_OC2_SetConfig
                0x0800e184       0xf4 ./Drivers/STM32L4xx_HAL_Driver/Src/stm32l4xx_hal_tim.o
                0x0800e184                TIM_OC2_SetConfig
 .text.TIM_OC3_SetConfig
                0x0800e278       0xf0 ./Drivers/STM32L4xx_HAL_Driver/Src/stm32l4xx_hal_tim.o
 .text.TIM_OC4_SetConfig
                0x0800e368       0xbc ./Drivers/STM32L4xx_HAL_Driver/Src/stm32l4xx_hal_tim.o
 .text.TIM_OC5_SetConfig
                0x0800e424       0xb0 ./Drivers/STM32L4xx_HAL_Driver/Src/stm32l4xx_hal_tim.o
 .text.TIM_OC6_SetConfig
                0x0800e4d4       0xb4 ./Drivers/STM32L4xx_HAL_Driver/Src/stm32l4xx_hal_tim.o
 .text.TIM_CCxChannelCmd
                0x0800e588       0x4a ./Drivers/STM32L4xx_HAL_Driver/Src/stm32l4xx_hal_tim.o
                0x0800e588                TIM_CCxChannelCmd
 *fill*         0x0800e5d2        0x2 
 .text.HAL_TIMEx_MasterConfigSynchronization
                0x0800e5d4       0xcc ./Drivers/STM32L4xx_HAL_Driver/Src/stm32l4xx_hal_tim_ex.o
                0x0800e5d4                HAL_TIMEx_MasterConfigSynchronization
 .text.HAL_UART_Init
                0x0800e6a0       0x9c ./Drivers/STM32L4xx_HAL_Driver/Src/stm32l4xx_hal_uart.o
                0x0800e6a0                HAL_UART_Init
 .text.HAL_UART_Transmit
                0x0800e73c      0x112 ./Drivers/STM32L4xx_HAL_Driver/Src/stm32l4xx_hal_uart.o
                0x0800e73c                HAL_UART_Transmit
 *fill*         0x0800e84e        0x2 
 .text.HAL_UART_IRQHandler
                0x0800e850      0x60c ./Drivers/STM32L4xx_HAL_Driver/Src/stm32l4xx_hal_uart.o
                0x0800e850                HAL_UART_IRQHandler
 .text.HAL_UART_TxCpltCallback
                0x0800ee5c       0x14 ./Drivers/STM32L4xx_HAL_Driver/Src/stm32l4xx_hal_uart.o
                0x0800ee5c                HAL_UART_TxCpltCallback
 .text.HAL_UART_RxCpltCallback
                0x0800ee70       0x14 ./Drivers/STM32L4xx_HAL_Driver/Src/stm32l4xx_hal_uart.o
                0x0800ee70                HAL_UART_RxCpltCallback
 .text.HAL_UART_ErrorCallback
                0x0800ee84       0x14 ./Drivers/STM32L4xx_HAL_Driver/Src/stm32l4xx_hal_uart.o
                0x0800ee84                HAL_UART_ErrorCallback
 .text.UART_SetConfig
                0x0800ee98      0x4b4 ./Drivers/STM32L4xx_HAL_Driver/Src/stm32l4xx_hal_uart.o
                0x0800ee98                UART_SetConfig
 .text.UART_AdvFeatureConfig
                0x0800f34c      0x144 ./Drivers/STM32L4xx_HAL_Driver/Src/stm32l4xx_hal_uart.o
                0x0800f34c                UART_AdvFeatureConfig
 .text.UART_CheckIdleState
                0x0800f490      0x150 ./Drivers/STM32L4xx_HAL_Driver/Src/stm32l4xx_hal_uart.o
                0x0800f490                UART_CheckIdleState
 .text.UART_WaitOnFlagUntilTimeout
                0x0800f5e0       0xda ./Drivers/STM32L4xx_HAL_Driver/Src/stm32l4xx_hal_uart.o
                0x0800f5e0                UART_WaitOnFlagUntilTimeout
 *fill*         0x0800f6ba        0x2 
 .text.UART_Start_Receive_IT
                0x0800f6bc      0x18c ./Drivers/STM32L4xx_HAL_Driver/Src/stm32l4xx_hal_uart.o
                0x0800f6bc                UART_Start_Receive_IT
 .text.UART_EndRxTransfer
                0x0800f848       0xc8 ./Drivers/STM32L4xx_HAL_Driver/Src/stm32l4xx_hal_uart.o
 .text.UART_DMAAbortOnError
                0x0800f910       0x2c ./Drivers/STM32L4xx_HAL_Driver/Src/stm32l4xx_hal_uart.o
 .text.UART_EndTransmit_IT
                0x0800f93c       0x54 ./Drivers/STM32L4xx_HAL_Driver/Src/stm32l4xx_hal_uart.o
 .text.UART_RxISR_8BIT
                0x0800f990      0x1bc ./Drivers/STM32L4xx_HAL_Driver/Src/stm32l4xx_hal_uart.o
 .text.UART_RxISR_16BIT
                0x0800fb4c      0x1bc ./Drivers/STM32L4xx_HAL_Driver/Src/stm32l4xx_hal_uart.o
 .text.HAL_UARTEx_WakeupCallback
                0x0800fd08       0x14 ./Drivers/STM32L4xx_HAL_Driver/Src/stm32l4xx_hal_uart_ex.o
                0x0800fd08                HAL_UARTEx_WakeupCallback
 .text.HAL_UARTEx_ReceiveToIdle_IT
                0x0800fd1c       0xa0 ./Drivers/STM32L4xx_HAL_Driver/Src/stm32l4xx_hal_uart_ex.o
                0x0800fd1c                HAL_UARTEx_ReceiveToIdle_IT
 .text.memset   0x0800fdbc       0x10 C:/ST/STM32CubeIDE_1.14.1/STM32CubeIDE/plugins/com.st.stm32cube.ide.mcu.externaltools.gnu-tools-for-stm32.12.3.rel1.win32_1.0.200.202406191623/tools/bin/../lib/gcc/arm-none-eabi/12.3.1/../../../../arm-none-eabi/lib/thumb/v7e-m+fp/hard\libc_nano.a(libc_a-memset.o)
                0x0800fdbc                memset
 .text.__libc_init_array
                0x0800fdcc       0x48 C:/ST/STM32CubeIDE_1.14.1/STM32CubeIDE/plugins/com.st.stm32cube.ide.mcu.externaltools.gnu-tools-for-stm32.12.3.rel1.win32_1.0.200.202406191623/tools/bin/../lib/gcc/arm-none-eabi/12.3.1/../../../../arm-none-eabi/lib/thumb/v7e-m+fp/hard\libc_nano.a(libc_a-init.o)
                0x0800fdcc                __libc_init_array
 .text.memcpy   0x0800fe14       0x1c C:/ST/STM32CubeIDE_1.14.1/STM32CubeIDE/plugins/com.st.stm32cube.ide.mcu.externaltools.gnu-tools-for-stm32.12.3.rel1.win32_1.0.200.202406191623/tools/bin/../lib/gcc/arm-none-eabi/12.3.1/../../../../arm-none-eabi/lib/thumb/v7e-m+fp/hard\libc_nano.a(libc_a-memcpy-stub.o)
                0x0800fe14                memcpy
 .text.round    0x0800fe30       0x8c C:/ST/STM32CubeIDE_1.14.1/STM32CubeIDE/plugins/com.st.stm32cube.ide.mcu.externaltools.gnu-tools-for-stm32.12.3.rel1.win32_1.0.200.202406191623/tools/bin/../lib/gcc/arm-none-eabi/12.3.1/../../../../arm-none-eabi/lib/thumb/v7e-m+fp/hard\libm.a(libm_a-s_round.o)
                0x0800fe30                round
 *(.glue_7)
 .glue_7        0x0800febc        0x0 linker stubs
 *(.glue_7t)
 .glue_7t       0x0800febc        0x0 linker stubs
 *(.eh_frame)
 .eh_frame      0x0800febc        0x0 C:/ST/STM32CubeIDE_1.14.1/STM32CubeIDE/plugins/com.st.stm32cube.ide.mcu.externaltools.gnu-tools-for-stm32.12.3.rel1.win32_1.0.200.202406191623/tools/bin/../lib/gcc/arm-none-eabi/12.3.1/thumb/v7e-m+fp/hard/crtbegin.o
 *(.init)
 .init          0x0800febc        0x4 C:/ST/STM32CubeIDE_1.14.1/STM32CubeIDE/plugins/com.st.stm32cube.ide.mcu.externaltools.gnu-tools-for-stm32.12.3.rel1.win32_1.0.200.202406191623/tools/bin/../lib/gcc/arm-none-eabi/12.3.1/thumb/v7e-m+fp/hard/crti.o
                0x0800febc                _init
 .init          0x0800fec0        0x8 C:/ST/STM32CubeIDE_1.14.1/STM32CubeIDE/plugins/com.st.stm32cube.ide.mcu.externaltools.gnu-tools-for-stm32.12.3.rel1.win32_1.0.200.202406191623/tools/bin/../lib/gcc/arm-none-eabi/12.3.1/thumb/v7e-m+fp/hard/crtn.o
 *(.fini)
 .fini          0x0800fec8        0x4 C:/ST/STM32CubeIDE_1.14.1/STM32CubeIDE/plugins/com.st.stm32cube.ide.mcu.externaltools.gnu-tools-for-stm32.12.3.rel1.win32_1.0.200.202406191623/tools/bin/../lib/gcc/arm-none-eabi/12.3.1/thumb/v7e-m+fp/hard/crti.o
                0x0800fec8                _fini
 .fini          0x0800fecc        0x8 C:/ST/STM32CubeIDE_1.14.1/STM32CubeIDE/plugins/com.st.stm32cube.ide.mcu.externaltools.gnu-tools-for-stm32.12.3.rel1.win32_1.0.200.202406191623/tools/bin/../lib/gcc/arm-none-eabi/12.3.1/thumb/v7e-m+fp/hard/crtn.o
                0x0800fed4                        . = ALIGN (0x4)
                0x0800fed4                        _etext = .

.vfp11_veneer   0x0800fed4        0x0
 .vfp11_veneer  0x0800fed4        0x0 linker stubs

.v4_bx          0x0800fed4        0x0
 .v4_bx         0x0800fed4        0x0 linker stubs

.iplt           0x0800fed4        0x0
 .iplt          0x0800fed4        0x0 C:/ST/STM32CubeIDE_1.14.1/STM32CubeIDE/plugins/com.st.stm32cube.ide.mcu.externaltools.gnu-tools-for-stm32.12.3.rel1.win32_1.0.200.202406191623/tools/bin/../lib/gcc/arm-none-eabi/12.3.1/thumb/v7e-m+fp/hard/crtbegin.o

.rodata         0x0800fed4       0x50
                0x0800fed4                        . = ALIGN (0x4)
 *(.rodata)
 .rodata        0x0800fed4        0x6 ./Core/Src/foo.o
 *(.rodata*)
 *fill*         0x0800feda        0x2 
 .rodata.AHBPrescTable
                0x0800fedc       0x10 ./Core/Src/system_stm32l4xx.o
                0x0800fedc                AHBPrescTable
 .rodata.APBPrescTable
                0x0800feec        0x8 ./Core/Src/system_stm32l4xx.o
                0x0800feec                APBPrescTable
 .rodata.MSIRangeTable
                0x0800fef4       0x30 ./Core/Src/system_stm32l4xx.o
                0x0800fef4                MSIRangeTable
                0x0800ff24                        . = ALIGN (0x4)

.ARM.extab      0x0800ff24        0x0
                0x0800ff24                        . = ALIGN (0x4)
 *(.ARM.extab* .gnu.linkonce.armextab.*)
                0x0800ff24                        . = ALIGN (0x4)

.ARM            0x0800ff24        0x8
                0x0800ff24                        . = ALIGN (0x4)
                0x0800ff24                        __exidx_start = .
 *(.ARM.exidx*)
 .ARM.exidx     0x0800ff24        0x8 C:/ST/STM32CubeIDE_1.14.1/STM32CubeIDE/plugins/com.st.stm32cube.ide.mcu.externaltools.gnu-tools-for-stm32.12.3.rel1.win32_1.0.200.202406191623/tools/bin/../lib/gcc/arm-none-eabi/12.3.1/thumb/v7e-m+fp/hard\libgcc.a(_udivmoddi4.o)
                0x0800ff2c                        __exidx_end = .
                0x0800ff2c                        . = ALIGN (0x4)

.rel.dyn        0x0800ff2c        0x0
 .rel.iplt      0x0800ff2c        0x0 C:/ST/STM32CubeIDE_1.14.1/STM32CubeIDE/plugins/com.st.stm32cube.ide.mcu.externaltools.gnu-tools-for-stm32.12.3.rel1.win32_1.0.200.202406191623/tools/bin/../lib/gcc/arm-none-eabi/12.3.1/thumb/v7e-m+fp/hard/crtbegin.o

.preinit_array  0x0800ff2c        0x0
                0x0800ff2c                        . = ALIGN (0x4)
                0x0800ff2c                        PROVIDE (__preinit_array_start = .)
 *(.preinit_array*)
                0x0800ff2c                        PROVIDE (__preinit_array_end = .)
                0x0800ff2c                        . = ALIGN (0x4)

.init_array     0x0800ff2c        0x4
                0x0800ff2c                        . = ALIGN (0x4)
                0x0800ff2c                        PROVIDE (__init_array_start = .)
 *(SORT_BY_NAME(.init_array.*))
 *(.init_array*)
 .init_array    0x0800ff2c        0x4 C:/ST/STM32CubeIDE_1.14.1/STM32CubeIDE/plugins/com.st.stm32cube.ide.mcu.externaltools.gnu-tools-for-stm32.12.3.rel1.win32_1.0.200.202406191623/tools/bin/../lib/gcc/arm-none-eabi/12.3.1/thumb/v7e-m+fp/hard/crtbegin.o
                0x0800ff30                        PROVIDE (__init_array_end = .)
                0x0800ff30                        . = ALIGN (0x4)

.fini_array     0x0800ff30        0x4
                0x0800ff30                        . = ALIGN (0x4)
                [!provide]                        PROVIDE (__fini_array_start = .)
 *(SORT_BY_NAME(.fini_array.*))
 *(.fini_array*)
 .fini_array    0x0800ff30        0x4 C:/ST/STM32CubeIDE_1.14.1/STM32CubeIDE/plugins/com.st.stm32cube.ide.mcu.externaltools.gnu-tools-for-stm32.12.3.rel1.win32_1.0.200.202406191623/tools/bin/../lib/gcc/arm-none-eabi/12.3.1/thumb/v7e-m+fp/hard/crtbegin.o
                [!provide]                        PROVIDE (__fini_array_end = .)
                0x0800ff34                        . = ALIGN (0x4)
                0x0800ff34                        _sidata = LOADADDR (.data)

.data           0x20000000       0x2c load address 0x0800ff34
                0x20000000                        . = ALIGN (0x4)
                0x20000000                        _sdata = .
 *(.data)
 *(.data*)
 .data.SystemCoreClock
                0x20000000        0x4 ./Core/Src/system_stm32l4xx.o
                0x20000000                SystemCoreClock
 .data.uwTickPrio
                0x20000004        0x4 ./Drivers/STM32L4xx_HAL_Driver/Src/stm32l4xx_hal.o
                0x20000004                uwTickPrio
 .data.uwTickFreq
                0x20000008        0x1 ./Drivers/STM32L4xx_HAL_Driver/Src/stm32l4xx_hal.o
                0x20000008                uwTickFreq
 *fill*         0x20000009        0x3 
 .data.pFlash   0x2000000c       0x20 ./Drivers/STM32L4xx_HAL_Driver/Src/stm32l4xx_hal_flash.o
                0x2000000c                pFlash
 *(.RamFunc)
 *(.RamFunc*)
                0x2000002c                        . = ALIGN (0x4)
                0x2000002c                        _edata = .

.igot.plt       0x2000002c        0x0 load address 0x0800ff60
 .igot.plt      0x2000002c        0x0 C:/ST/STM32CubeIDE_1.14.1/STM32CubeIDE/plugins/com.st.stm32cube.ide.mcu.externaltools.gnu-tools-for-stm32.12.3.rel1.win32_1.0.200.202406191623/tools/bin/../lib/gcc/arm-none-eabi/12.3.1/thumb/v7e-m+fp/hard/crtbegin.o
                0x2000002c                        . = ALIGN (0x4)

.bss            0x2000002c      0x954 load address 0x0800ff60
                0x2000002c                        _sbss = .
                0x2000002c                        __bss_start__ = _sbss
 *(.bss)
 .bss           0x2000002c       0x1c C:/ST/STM32CubeIDE_1.14.1/STM32CubeIDE/plugins/com.st.stm32cube.ide.mcu.externaltools.gnu-tools-for-stm32.12.3.rel1.win32_1.0.200.202406191623/tools/bin/../lib/gcc/arm-none-eabi/12.3.1/thumb/v7e-m+fp/hard/crtbegin.o
 *(.bss*)
 .bss.hiwdg     0x20000048       0x10 ./Core/Src/main.o
                0x20000048                hiwdg
 .bss.htim2     0x20000058       0x4c ./Core/Src/main.o
                0x20000058                htim2
 .bss.huart1    0x200000a4       0x88 ./Core/Src/main.o
                0x200000a4                huart1
 .bss.dev       0x2000012c       0x3f ./Core/Src/main.o
 *fill*         0x2000016b        0x1 
 .bss.frame     0x2000016c      0x80e ./Core/Src/main.o
 .bss.flag      0x2000097a        0x1 ./Core/Src/main.o
 *fill*         0x2000097b        0x1 
 .bss.uwTick    0x2000097c        0x4 ./Drivers/STM32L4xx_HAL_Driver/Src/stm32l4xx_hal.o
                0x2000097c                uwTick
 *(COMMON)
                0x20000980                        . = ALIGN (0x4)
                0x20000980                        _ebss = .
                0x20000980                        __bss_end__ = _ebss

._user_heap_stack
                0x20000980      0x600 load address 0x0800ff60
                0x20000980                        . = ALIGN (0x8)
                [!provide]                        PROVIDE (end = .)
                0x20000980                        PROVIDE (_end = .)
                0x20000b80                        . = (. + _Min_Heap_Size)
 *fill*         0x20000980      0x200 
                0x20000f80                        . = (. + _Min_Stack_Size)
 *fill*         0x20000b80      0x400 
                0x20000f80                        . = ALIGN (0x8)

/DISCARD/
 libc.a(*)
 libm.a(*)
 libgcc.a(*)

.ARM.attributes
                0x00000000       0x30
 *(.ARM.attributes)
 .ARM.attributes
                0x00000000       0x22 C:/ST/STM32CubeIDE_1.14.1/STM32CubeIDE/plugins/com.st.stm32cube.ide.mcu.externaltools.gnu-tools-for-stm32.12.3.rel1.win32_1.0.200.202406191623/tools/bin/../lib/gcc/arm-none-eabi/12.3.1/thumb/v7e-m+fp/hard/crti.o
 .ARM.attributes
                0x00000022       0x34 C:/ST/STM32CubeIDE_1.14.1/STM32CubeIDE/plugins/com.st.stm32cube.ide.mcu.externaltools.gnu-tools-for-stm32.12.3.rel1.win32_1.0.200.202406191623/tools/bin/../lib/gcc/arm-none-eabi/12.3.1/thumb/v7e-m+fp/hard/crtbegin.o
 .ARM.attributes
                0x00000056       0x34 ./Core/Src/flash.o
 .ARM.attributes
                0x0000008a       0x34 ./Core/Src/foo.o
 .ARM.attributes
                0x000000be       0x34 ./Core/Src/main.o
 .ARM.attributes
                0x000000f2       0x34 ./Core/Src/pwm.o
 .ARM.attributes
                0x00000126       0x34 ./Core/Src/stm32l4xx_hal_msp.o
 .ARM.attributes
                0x0000015a       0x34 ./Core/Src/stm32l4xx_it.o
 .ARM.attributes
                0x0000018e       0x34 ./Core/Src/system_stm32l4xx.o
 .ARM.attributes
                0x000001c2       0x34 ./Core/Src/wdt.o
 .ARM.attributes
                0x000001f6       0x21 ./Core/Startup/startup_stm32l431rctx.o
 .ARM.attributes
                0x00000217       0x34 ./Drivers/STM32L4xx_HAL_Driver/Src/stm32l4xx_hal.o
 .ARM.attributes
                0x0000024b       0x34 ./Drivers/STM32L4xx_HAL_Driver/Src/stm32l4xx_hal_cortex.o
 .ARM.attributes
                0x0000027f       0x34 ./Drivers/STM32L4xx_HAL_Driver/Src/stm32l4xx_hal_dma.o
 .ARM.attributes
                0x000002b3       0x34 ./Drivers/STM32L4xx_HAL_Driver/Src/stm32l4xx_hal_flash.o
 .ARM.attributes
                0x000002e7       0x34 ./Drivers/STM32L4xx_HAL_Driver/Src/stm32l4xx_hal_flash_ex.o
 .ARM.attributes
                0x0000031b       0x34 ./Drivers/STM32L4xx_HAL_Driver/Src/stm32l4xx_hal_gpio.o
 .ARM.attributes
                0x0000034f       0x34 ./Drivers/STM32L4xx_HAL_Driver/Src/stm32l4xx_hal_iwdg.o
 .ARM.attributes
                0x00000383       0x34 ./Drivers/STM32L4xx_HAL_Driver/Src/stm32l4xx_hal_pwr_ex.o
 .ARM.attributes
                0x000003b7       0x34 ./Drivers/STM32L4xx_HAL_Driver/Src/stm32l4xx_hal_rcc.o
 .ARM.attributes
                0x000003eb       0x34 ./Drivers/STM32L4xx_HAL_Driver/Src/stm32l4xx_hal_rcc_ex.o
 .ARM.attributes
                0x0000041f       0x34 ./Drivers/STM32L4xx_HAL_Driver/Src/stm32l4xx_hal_tim.o
 .ARM.attributes
                0x00000453       0x34 ./Drivers/STM32L4xx_HAL_Driver/Src/stm32l4xx_hal_tim_ex.o
 .ARM.attributes
                0x00000487       0x34 ./Drivers/STM32L4xx_HAL_Driver/Src/stm32l4xx_hal_uart.o
 .ARM.attributes
                0x000004bb       0x34 ./Drivers/STM32L4xx_HAL_Driver/Src/stm32l4xx_hal_uart_ex.o
 .ARM.attributes
                0x000004ef       0x34 C:/ST/STM32CubeIDE_1.14.1/STM32CubeIDE/plugins/com.st.stm32cube.ide.mcu.externaltools.gnu-tools-for-stm32.12.3.rel1.win32_1.0.200.202406191623/tools/bin/../lib/gcc/arm-none-eabi/12.3.1/../../../../arm-none-eabi/lib/thumb/v7e-m+fp/hard\libc_nano.a(libc_a-memset.o)
 .ARM.attributes
                0x00000523       0x34 C:/ST/STM32CubeIDE_1.14.1/STM32CubeIDE/plugins/com.st.stm32cube.ide.mcu.externaltools.gnu-tools-for-stm32.12.3.rel1.win32_1.0.200.202406191623/tools/bin/../lib/gcc/arm-none-eabi/12.3.1/../../../../arm-none-eabi/lib/thumb/v7e-m+fp/hard\libc_nano.a(libc_a-init.o)
 .ARM.attributes
                0x00000557       0x34 C:/ST/STM32CubeIDE_1.14.1/STM32CubeIDE/plugins/com.st.stm32cube.ide.mcu.externaltools.gnu-tools-for-stm32.12.3.rel1.win32_1.0.200.202406191623/tools/bin/../lib/gcc/arm-none-eabi/12.3.1/../../../../arm-none-eabi/lib/thumb/v7e-m+fp/hard\libc_nano.a(libc_a-memcpy-stub.o)
 .ARM.attributes
                0x0000058b       0x34 C:/ST/STM32CubeIDE_1.14.1/STM32CubeIDE/plugins/com.st.stm32cube.ide.mcu.externaltools.gnu-tools-for-stm32.12.3.rel1.win32_1.0.200.202406191623/tools/bin/../lib/gcc/arm-none-eabi/12.3.1/../../../../arm-none-eabi/lib/thumb/v7e-m+fp/hard\libm.a(libm_a-s_round.o)
 .ARM.attributes
                0x000005bf       0x22 C:/ST/STM32CubeIDE_1.14.1/STM32CubeIDE/plugins/com.st.stm32cube.ide.mcu.externaltools.gnu-tools-for-stm32.12.3.rel1.win32_1.0.200.202406191623/tools/bin/../lib/gcc/arm-none-eabi/12.3.1/thumb/v7e-m+fp/hard\libgcc.a(_arm_addsubdf3.o)
 .ARM.attributes
                0x000005e1       0x22 C:/ST/STM32CubeIDE_1.14.1/STM32CubeIDE/plugins/com.st.stm32cube.ide.mcu.externaltools.gnu-tools-for-stm32.12.3.rel1.win32_1.0.200.202406191623/tools/bin/../lib/gcc/arm-none-eabi/12.3.1/thumb/v7e-m+fp/hard\libgcc.a(_arm_fixunsdfsi.o)
 .ARM.attributes
                0x00000603       0x22 C:/ST/STM32CubeIDE_1.14.1/STM32CubeIDE/plugins/com.st.stm32cube.ide.mcu.externaltools.gnu-tools-for-stm32.12.3.rel1.win32_1.0.200.202406191623/tools/bin/../lib/gcc/arm-none-eabi/12.3.1/thumb/v7e-m+fp/hard\libgcc.a(_aeabi_uldivmod.o)
 .ARM.attributes
                0x00000625       0x34 C:/ST/STM32CubeIDE_1.14.1/STM32CubeIDE/plugins/com.st.stm32cube.ide.mcu.externaltools.gnu-tools-for-stm32.12.3.rel1.win32_1.0.200.202406191623/tools/bin/../lib/gcc/arm-none-eabi/12.3.1/thumb/v7e-m+fp/hard\libgcc.a(_udivmoddi4.o)
 .ARM.attributes
                0x00000659       0x22 C:/ST/STM32CubeIDE_1.14.1/STM32CubeIDE/plugins/com.st.stm32cube.ide.mcu.externaltools.gnu-tools-for-stm32.12.3.rel1.win32_1.0.200.202406191623/tools/bin/../lib/gcc/arm-none-eabi/12.3.1/thumb/v7e-m+fp/hard\libgcc.a(_dvmd_tls.o)
 .ARM.attributes
                0x0000067b       0x22 C:/ST/STM32CubeIDE_1.14.1/STM32CubeIDE/plugins/com.st.stm32cube.ide.mcu.externaltools.gnu-tools-for-stm32.12.3.rel1.win32_1.0.200.202406191623/tools/bin/../lib/gcc/arm-none-eabi/12.3.1/thumb/v7e-m+fp/hard/crtn.o
OUTPUT(foo_project.elf elf32-littlearm)
LOAD linker stubs
LOAD C:/ST/STM32CubeIDE_1.14.1/STM32CubeIDE/plugins/com.st.stm32cube.ide.mcu.externaltools.gnu-tools-for-stm32.12.3.rel1.win32_1.0.200.202406191623/tools/bin/../lib/gcc/arm-none-eabi/12.3.1/../../../../arm-none-eabi/lib/thumb/v7e-m+fp/hard\libc.a
LOAD C:/ST/STM32CubeIDE_1.14.1/STM32CubeIDE/plugins/com.st.stm32cube.ide.mcu.externaltools.gnu-tools-for-stm32.12.3.rel1.win32_1.0.200.202406191623/tools/bin/../lib/gcc/arm-none-eabi/12.3.1/../../../../arm-none-eabi/lib/thumb/v7e-m+fp/hard\libm.a
LOAD C:/ST/STM32CubeIDE_1.14.1/STM32CubeIDE/plugins/com.st.stm32cube.ide.mcu.externaltools.gnu-tools-for-stm32.12.3.rel1.win32_1.0.200.202406191623/tools/bin/../lib/gcc/arm-none-eabi/12.3.1/thumb/v7e-m+fp/hard\libgcc.a

.debug_info     0x00000000    0x13a03
 .debug_info    0x00000000      0x368 ./Core/Src/flash.o
 .debug_info    0x00000368     0x11c8 ./Core/Src/foo.o
 .debug_info    0x00001530     0x1680 ./Core/Src/main.o
 .debug_info    0x00002bb0      0x863 ./Core/Src/pwm.o
 .debug_info    0x00003413     0x12ba ./Core/Src/stm32l4xx_hal_msp.o
 .debug_info    0x000046cd      0x72d ./Core/Src/stm32l4xx_it.o
 .debug_info    0x00004dfa      0x5bf ./Core/Src/system_stm32l4xx.o
 .debug_info    0x000053b9      0x24f ./Core/Src/wdt.o
 .debug_info    0x00005608       0x30 ./Core/Startup/startup_stm32l431rctx.o
 .debug_info    0x00005638      0xa93 ./Drivers/STM32L4xx_HAL_Driver/Src/stm32l4xx_hal.o
 .debug_info    0x000060cb      0xd1b ./Drivers/STM32L4xx_HAL_Driver/Src/stm32l4xx_hal_cortex.o
 .debug_info    0x00006de6      0x6f4 ./Drivers/STM32L4xx_HAL_Driver/Src/stm32l4xx_hal_dma.o
 .debug_info    0x000074da      0x661 ./Drivers/STM32L4xx_HAL_Driver/Src/stm32l4xx_hal_flash.o
 .debug_info    0x00007b3b      0x744 ./Drivers/STM32L4xx_HAL_Driver/Src/stm32l4xx_hal_flash_ex.o
 .debug_info    0x0000827f      0x757 ./Drivers/STM32L4xx_HAL_Driver/Src/stm32l4xx_hal_gpio.o
 .debug_info    0x000089d6      0x1f7 ./Drivers/STM32L4xx_HAL_Driver/Src/stm32l4xx_hal_iwdg.o
 .debug_info    0x00008bcd      0x8c6 ./Drivers/STM32L4xx_HAL_Driver/Src/stm32l4xx_hal_pwr_ex.o
 .debug_info    0x00009493      0xbc3 ./Drivers/STM32L4xx_HAL_Driver/Src/stm32l4xx_hal_rcc.o
 .debug_info    0x0000a056      0xeff ./Drivers/STM32L4xx_HAL_Driver/Src/stm32l4xx_hal_rcc_ex.o
 .debug_info    0x0000af55     0x2a9a ./Drivers/STM32L4xx_HAL_Driver/Src/stm32l4xx_hal_tim.o
 .debug_info    0x0000d9ef     0x169e ./Drivers/STM32L4xx_HAL_Driver/Src/stm32l4xx_hal_tim_ex.o
 .debug_info    0x0000f08d     0x3b77 ./Drivers/STM32L4xx_HAL_Driver/Src/stm32l4xx_hal_uart.o
 .debug_info    0x00012c04      0xdff ./Drivers/STM32L4xx_HAL_Driver/Src/stm32l4xx_hal_uart_ex.o

.debug_abbrev   0x00000000     0x30ae
 .debug_abbrev  0x00000000      0x16b ./Core/Src/flash.o
 .debug_abbrev  0x0000016b      0x278 ./Core/Src/foo.o
 .debug_abbrev  0x000003e3      0x332 ./Core/Src/main.o
 .debug_abbrev  0x00000715      0x20d ./Core/Src/pwm.o
 .debug_abbrev  0x00000922      0x20b ./Core/Src/stm32l4xx_hal_msp.o
 .debug_abbrev  0x00000b2d      0x172 ./Core/Src/stm32l4xx_it.o
 .debug_abbrev  0x00000c9f      0x11a ./Core/Src/system_stm32l4xx.o
 .debug_abbrev  0x00000db9      0x14a ./Core/Src/wdt.o
 .debug_abbrev  0x00000f03       0x24 ./Core/Startup/startup_stm32l431rctx.o
 .debug_abbrev  0x00000f27      0x242 ./Drivers/STM32L4xx_HAL_Driver/Src/stm32l4xx_hal.o
 .debug_abbrev  0x00001169      0x31c ./Drivers/STM32L4xx_HAL_Driver/Src/stm32l4xx_hal_cortex.o
 .debug_abbrev  0x00001485      0x1e4 ./Drivers/STM32L4xx_HAL_Driver/Src/stm32l4xx_hal_dma.o
 .debug_abbrev  0x00001669      0x312 ./Drivers/STM32L4xx_HAL_Driver/Src/stm32l4xx_hal_flash.o
 .debug_abbrev  0x0000197b      0x22d ./Drivers/STM32L4xx_HAL_Driver/Src/stm32l4xx_hal_flash_ex.o
 .debug_abbrev  0x00001ba8      0x1cb ./Drivers/STM32L4xx_HAL_Driver/Src/stm32l4xx_hal_gpio.o
 .debug_abbrev  0x00001d73      0x14d ./Drivers/STM32L4xx_HAL_Driver/Src/stm32l4xx_hal_iwdg.o
 .debug_abbrev  0x00001ec0      0x1f9 ./Drivers/STM32L4xx_HAL_Driver/Src/stm32l4xx_hal_pwr_ex.o
 .debug_abbrev  0x000020b9      0x2cb ./Drivers/STM32L4xx_HAL_Driver/Src/stm32l4xx_hal_rcc.o
 .debug_abbrev  0x00002384      0x2a1 ./Drivers/STM32L4xx_HAL_Driver/Src/stm32l4xx_hal_rcc_ex.o
 .debug_abbrev  0x00002625      0x278 ./Drivers/STM32L4xx_HAL_Driver/Src/stm32l4xx_hal_tim.o
 .debug_abbrev  0x0000289d      0x283 ./Drivers/STM32L4xx_HAL_Driver/Src/stm32l4xx_hal_tim_ex.o
 .debug_abbrev  0x00002b20      0x2d0 ./Drivers/STM32L4xx_HAL_Driver/Src/stm32l4xx_hal_uart.o
 .debug_abbrev  0x00002df0      0x2be ./Drivers/STM32L4xx_HAL_Driver/Src/stm32l4xx_hal_uart_ex.o

.debug_aranges  0x00000000     0x1118
 .debug_aranges
                0x00000000       0x30 ./Core/Src/flash.o
 .debug_aranges
                0x00000030       0x40 ./Core/Src/foo.o
 .debug_aranges
                0x00000070       0x58 ./Core/Src/main.o
 .debug_aranges
                0x000000c8       0x30 ./Core/Src/pwm.o
 .debug_aranges
                0x000000f8       0x48 ./Core/Src/stm32l4xx_hal_msp.o
 .debug_aranges
                0x00000140       0x68 ./Core/Src/stm32l4xx_it.o
 .debug_aranges
                0x000001a8       0x28 ./Core/Src/system_stm32l4xx.o
 .debug_aranges
                0x000001d0       0x28 ./Core/Src/wdt.o
 .debug_aranges
                0x000001f8       0x28 ./Core/Startup/startup_stm32l431rctx.o
 .debug_aranges
                0x00000220      0x130 ./Drivers/STM32L4xx_HAL_Driver/Src/stm32l4xx_hal.o
 .debug_aranges
                0x00000350      0x128 ./Drivers/STM32L4xx_HAL_Driver/Src/stm32l4xx_hal_cortex.o
 .debug_aranges
                0x00000478       0x80 ./Drivers/STM32L4xx_HAL_Driver/Src/stm32l4xx_hal_dma.o
 .debug_aranges
                0x000004f8       0x88 ./Drivers/STM32L4xx_HAL_Driver/Src/stm32l4xx_hal_flash.o
 .debug_aranges
                0x00000580       0x90 ./Drivers/STM32L4xx_HAL_Driver/Src/stm32l4xx_hal_flash_ex.o
 .debug_aranges
                0x00000610       0x58 ./Drivers/STM32L4xx_HAL_Driver/Src/stm32l4xx_hal_gpio.o
 .debug_aranges
                0x00000668       0x28 ./Drivers/STM32L4xx_HAL_Driver/Src/stm32l4xx_hal_iwdg.o
 .debug_aranges
                0x00000690      0x100 ./Drivers/STM32L4xx_HAL_Driver/Src/stm32l4xx_hal_pwr_ex.o
 .debug_aranges
                0x00000790       0x90 ./Drivers/STM32L4xx_HAL_Driver/Src/stm32l4xx_hal_rcc.o
 .debug_aranges
                0x00000820       0xf0 ./Drivers/STM32L4xx_HAL_Driver/Src/stm32l4xx_hal_rcc_ex.o
 .debug_aranges
                0x00000910      0x3e0 ./Drivers/STM32L4xx_HAL_Driver/Src/stm32l4xx_hal_tim.o
 .debug_aranges
                0x00000cf0      0x180 ./Drivers/STM32L4xx_HAL_Driver/Src/stm32l4xx_hal_tim_ex.o
 .debug_aranges
                0x00000e70      0x228 ./Drivers/STM32L4xx_HAL_Driver/Src/stm32l4xx_hal_uart.o
 .debug_aranges
                0x00001098       0x80 ./Drivers/STM32L4xx_HAL_Driver/Src/stm32l4xx_hal_uart_ex.o

.debug_rnglists
                0x00000000      0xd48
 .debug_rnglists
                0x00000000       0x20 ./Core/Src/flash.o
 .debug_rnglists
                0x00000020       0x2f ./Core/Src/foo.o
 .debug_rnglists
                0x0000004f       0x41 ./Core/Src/main.o
 .debug_rnglists
                0x00000090       0x22 ./Core/Src/pwm.o
 .debug_rnglists
                0x000000b2       0x32 ./Core/Src/stm32l4xx_hal_msp.o
 .debug_rnglists
                0x000000e4       0x49 ./Core/Src/stm32l4xx_it.o
 .debug_rnglists
                0x0000012d       0x1a ./Core/Src/system_stm32l4xx.o
 .debug_rnglists
                0x00000147       0x1a ./Core/Src/wdt.o
 .debug_rnglists
                0x00000161       0x19 ./Core/Startup/startup_stm32l431rctx.o
 .debug_rnglists
                0x0000017a       0xdf ./Drivers/STM32L4xx_HAL_Driver/Src/stm32l4xx_hal.o
 .debug_rnglists
                0x00000259       0xda ./Drivers/STM32L4xx_HAL_Driver/Src/stm32l4xx_hal_cortex.o
 .debug_rnglists
                0x00000333       0x64 ./Drivers/STM32L4xx_HAL_Driver/Src/stm32l4xx_hal_dma.o
 .debug_rnglists
                0x00000397       0x65 ./Drivers/STM32L4xx_HAL_Driver/Src/stm32l4xx_hal_flash.o
 .debug_rnglists
                0x000003fc       0x6f ./Drivers/STM32L4xx_HAL_Driver/Src/stm32l4xx_hal_flash_ex.o
 .debug_rnglists
                0x0000046b       0x3f ./Drivers/STM32L4xx_HAL_Driver/Src/stm32l4xx_hal_gpio.o
 .debug_rnglists
                0x000004aa       0x1a ./Drivers/STM32L4xx_HAL_Driver/Src/stm32l4xx_hal_iwdg.o
 .debug_rnglists
                0x000004c4       0xc1 ./Drivers/STM32L4xx_HAL_Driver/Src/stm32l4xx_hal_pwr_ex.o
 .debug_rnglists
                0x00000585       0x6d ./Drivers/STM32L4xx_HAL_Driver/Src/stm32l4xx_hal_rcc.o
 .debug_rnglists
                0x000005f2       0xba ./Drivers/STM32L4xx_HAL_Driver/Src/stm32l4xx_hal_rcc_ex.o
 .debug_rnglists
                0x000006ac      0x328 ./Drivers/STM32L4xx_HAL_Driver/Src/stm32l4xx_hal_tim.o
 .debug_rnglists
                0x000009d4      0x139 ./Drivers/STM32L4xx_HAL_Driver/Src/stm32l4xx_hal_tim_ex.o
 .debug_rnglists
                0x00000b0d      0x1db ./Drivers/STM32L4xx_HAL_Driver/Src/stm32l4xx_hal_uart.o
 .debug_rnglists
                0x00000ce8       0x60 ./Drivers/STM32L4xx_HAL_Driver/Src/stm32l4xx_hal_uart_ex.o

.debug_macro    0x00000000    0x226df
 .debug_macro   0x00000000      0x2a2 ./Core/Src/flash.o
 .debug_macro   0x000002a2      0xab4 ./Core/Src/flash.o
 .debug_macro   0x00000d56      0x1ad ./Core/Src/flash.o
 .debug_macro   0x00000f03       0x2e ./Core/Src/flash.o
 .debug_macro   0x00000f31       0x28 ./Core/Src/flash.o
 .debug_macro   0x00000f59       0x22 ./Core/Src/flash.o
 .debug_macro   0x00000f7b       0x8e ./Core/Src/flash.o
 .debug_macro   0x00001009       0x51 ./Core/Src/flash.o
 .debug_macro   0x0000105a      0x103 ./Core/Src/flash.o
 .debug_macro   0x0000115d       0x6a ./Core/Src/flash.o
 .debug_macro   0x000011c7      0x1df ./Core/Src/flash.o
 .debug_macro   0x000013a6       0x1c ./Core/Src/flash.o
 .debug_macro   0x000013c2       0x22 ./Core/Src/flash.o
 .debug_macro   0x000013e4       0xfb ./Core/Src/flash.o
 .debug_macro   0x000014df     0x1011 ./Core/Src/flash.o
 .debug_macro   0x000024f0      0x11f ./Core/Src/flash.o
 .debug_macro   0x0000260f    0x1511c ./Core/Src/flash.o
 .debug_macro   0x0001772b       0x6d ./Core/Src/flash.o
 .debug_macro   0x00017798     0x38fb ./Core/Src/flash.o
 .debug_macro   0x0001b093      0x189 ./Core/Src/flash.o
 .debug_macro   0x0001b21c       0x5c ./Core/Src/flash.o
 .debug_macro   0x0001b278     0x1328 ./Core/Src/flash.o
 .debug_macro   0x0001c5a0      0x5a5 ./Core/Src/flash.o
 .debug_macro   0x0001cb45      0x1b9 ./Core/Src/flash.o
 .debug_macro   0x0001ccfe      0x11b ./Core/Src/flash.o
 .debug_macro   0x0001ce19      0x26b ./Core/Src/flash.o
 .debug_macro   0x0001d084      0x23d ./Core/Src/flash.o
 .debug_macro   0x0001d2c1      0x241 ./Core/Src/flash.o
 .debug_macro   0x0001d502      0x375 ./Core/Src/flash.o
 .debug_macro   0x0001d877       0xd6 ./Core/Src/flash.o
 .debug_macro   0x0001d94d       0x85 ./Core/Src/flash.o
 .debug_macro   0x0001d9d2      0x122 ./Core/Src/flash.o
 .debug_macro   0x0001daf4      0x2ee ./Core/Src/flash.o
 .debug_macro   0x0001dde2      0xa98 ./Core/Src/flash.o
 .debug_macro   0x0001e87a      0x12d ./Core/Src/flash.o
 .debug_macro   0x0001e9a7      0x5cf ./Core/Src/flash.o
 .debug_macro   0x0001ef76       0x44 ./Core/Src/flash.o
 .debug_macro   0x0001efba      0x26d ./Core/Src/flash.o
 .debug_macro   0x0001f227       0x61 ./Core/Src/flash.o
 .debug_macro   0x0001f288       0x2a ./Core/Src/flash.o
 .debug_macro   0x0001f2b2       0x43 ./Core/Src/flash.o
 .debug_macro   0x0001f2f5       0x34 ./Core/Src/flash.o
 .debug_macro   0x0001f329       0x16 ./Core/Src/flash.o
 .debug_macro   0x0001f33f       0x43 ./Core/Src/flash.o
 .debug_macro   0x0001f382       0x34 ./Core/Src/flash.o
 .debug_macro   0x0001f3b6       0x10 ./Core/Src/flash.o
 .debug_macro   0x0001f3c6       0x58 ./Core/Src/flash.o
 .debug_macro   0x0001f41e       0x8e ./Core/Src/flash.o
 .debug_macro   0x0001f4ac       0x1c ./Core/Src/flash.o
 .debug_macro   0x0001f4c8      0x177 ./Core/Src/flash.o
 .debug_macro   0x0001f63f      0x369 ./Core/Src/flash.o
 .debug_macro   0x0001f9a8       0x10 ./Core/Src/flash.o
 .debug_macro   0x0001f9b8       0x35 ./Core/Src/flash.o
 .debug_macro   0x0001f9ed       0x20 ./Core/Src/flash.o
 .debug_macro   0x0001fa0d      0x317 ./Core/Src/foo.o
 .debug_macro   0x0001fd24       0x2e ./Core/Src/foo.o
 .debug_macro   0x0001fd52       0x16 ./Core/Src/foo.o
 .debug_macro   0x0001fd68       0x16 ./Core/Src/foo.o
 .debug_macro   0x0001fd7e       0x29 ./Core/Src/foo.o
 .debug_macro   0x0001fda7      0x316 ./Core/Src/main.o
 .debug_macro   0x000200bd       0x34 ./Core/Src/main.o
 .debug_macro   0x000200f1      0x27f ./Core/Src/pwm.o
 .debug_macro   0x00020370      0x19b ./Core/Src/pwm.o
 .debug_macro   0x0002050b      0x1d4 ./Core/Src/stm32l4xx_hal_msp.o
 .debug_macro   0x000206df      0x1de ./Core/Src/stm32l4xx_it.o
 .debug_macro   0x000208bd      0x1de ./Core/Src/system_stm32l4xx.o
 .debug_macro   0x00020a9b      0x1d9 ./Core/Src/wdt.o
 .debug_macro   0x00020c74       0x2e ./Core/Src/wdt.o
 .debug_macro   0x00020ca2      0x218 ./Drivers/STM32L4xx_HAL_Driver/Src/stm32l4xx_hal.o
 .debug_macro   0x00020eba      0x1ca ./Drivers/STM32L4xx_HAL_Driver/Src/stm32l4xx_hal_cortex.o
 .debug_macro   0x00021084      0x1ca ./Drivers/STM32L4xx_HAL_Driver/Src/stm32l4xx_hal_dma.o
 .debug_macro   0x0002124e      0x1d0 ./Drivers/STM32L4xx_HAL_Driver/Src/stm32l4xx_hal_flash.o
 .debug_macro   0x0002141e      0x1ca ./Drivers/STM32L4xx_HAL_Driver/Src/stm32l4xx_hal_flash_ex.o
 .debug_macro   0x000215e8      0x1d1 ./Drivers/STM32L4xx_HAL_Driver/Src/stm32l4xx_hal_gpio.o
 .debug_macro   0x000217b9      0x1d8 ./Drivers/STM32L4xx_HAL_Driver/Src/stm32l4xx_hal_iwdg.o
 .debug_macro   0x00021991      0x1ee ./Drivers/STM32L4xx_HAL_Driver/Src/stm32l4xx_hal_pwr_ex.o
 .debug_macro   0x00021b7f      0x20c ./Drivers/STM32L4xx_HAL_Driver/Src/stm32l4xx_hal_rcc.o
 .debug_macro   0x00021d8b      0x200 ./Drivers/STM32L4xx_HAL_Driver/Src/stm32l4xx_hal_rcc_ex.o
 .debug_macro   0x00021f8b      0x1cb ./Drivers/STM32L4xx_HAL_Driver/Src/stm32l4xx_hal_tim.o
 .debug_macro   0x00022156      0x1ca ./Drivers/STM32L4xx_HAL_Driver/Src/stm32l4xx_hal_tim_ex.o
 .debug_macro   0x00022320      0x1f5 ./Drivers/STM32L4xx_HAL_Driver/Src/stm32l4xx_hal_uart.o
 .debug_macro   0x00022515      0x1ca ./Drivers/STM32L4xx_HAL_Driver/Src/stm32l4xx_hal_uart_ex.o

.debug_line     0x00000000    0x160ce
 .debug_line    0x00000000      0x9a3 ./Core/Src/flash.o
 .debug_line    0x000009a3      0xb45 ./Core/Src/foo.o
 .debug_line    0x000014e8      0xac2 ./Core/Src/main.o
 .debug_line    0x00001faa      0x9cf ./Core/Src/pwm.o
 .debug_line    0x00002979      0x831 ./Core/Src/stm32l4xx_hal_msp.o
 .debug_line    0x000031aa      0x842 ./Core/Src/stm32l4xx_it.o
 .debug_line    0x000039ec      0x808 ./Core/Src/system_stm32l4xx.o
 .debug_line    0x000041f4      0x7a3 ./Core/Src/wdt.o
 .debug_line    0x00004997       0x7a ./Core/Startup/startup_stm32l431rctx.o
 .debug_line    0x00004a11      0xb5d ./Drivers/STM32L4xx_HAL_Driver/Src/stm32l4xx_hal.o
 .debug_line    0x0000556e      0xd26 ./Drivers/STM32L4xx_HAL_Driver/Src/stm32l4xx_hal_cortex.o
 .debug_line    0x00006294      0xd62 ./Drivers/STM32L4xx_HAL_Driver/Src/stm32l4xx_hal_dma.o
 .debug_line    0x00006ff6      0xb13 ./Drivers/STM32L4xx_HAL_Driver/Src/stm32l4xx_hal_flash.o
 .debug_line    0x00007b09      0xc6c ./Drivers/STM32L4xx_HAL_Driver/Src/stm32l4xx_hal_flash_ex.o
 .debug_line    0x00008775      0xb95 ./Drivers/STM32L4xx_HAL_Driver/Src/stm32l4xx_hal_gpio.o
 .debug_line    0x0000930a      0x7f3 ./Drivers/STM32L4xx_HAL_Driver/Src/stm32l4xx_hal_iwdg.o
 .debug_line    0x00009afd      0xbbc ./Drivers/STM32L4xx_HAL_Driver/Src/stm32l4xx_hal_pwr_ex.o
 .debug_line    0x0000a6b9     0x1014 ./Drivers/STM32L4xx_HAL_Driver/Src/stm32l4xx_hal_rcc.o
 .debug_line    0x0000b6cd     0x13dd ./Drivers/STM32L4xx_HAL_Driver/Src/stm32l4xx_hal_rcc_ex.o
 .debug_line    0x0000caaa     0x3c3c ./Drivers/STM32L4xx_HAL_Driver/Src/stm32l4xx_hal_tim.o
 .debug_line    0x000106e6     0x1b5e ./Drivers/STM32L4xx_HAL_Driver/Src/stm32l4xx_hal_tim_ex.o
 .debug_line    0x00012244     0x3227 ./Drivers/STM32L4xx_HAL_Driver/Src/stm32l4xx_hal_uart.o
 .debug_line    0x0001546b      0xc63 ./Drivers/STM32L4xx_HAL_Driver/Src/stm32l4xx_hal_uart_ex.o

.debug_str      0x00000000    0xcf7fc
 .debug_str     0x00000000    0xc8fa2 ./Core/Src/flash.o
                              0xc9284 (size before relaxing)
 .debug_str     0x000c8fa2     0x1147 ./Core/Src/foo.o
                              0xca42f (size before relaxing)
 .debug_str     0x000ca0e9      0x7cd ./Core/Src/main.o
                              0xca3a1 (size before relaxing)
 .debug_str     0x000ca8b6      0x893 ./Core/Src/pwm.o
                              0xc9ebc (size before relaxing)
 .debug_str     0x000cb149      0x658 ./Core/Src/stm32l4xx_hal_msp.o
                              0xc6fc3 (size before relaxing)
 .debug_str     0x000cb7a1       0xef ./Core/Src/stm32l4xx_it.o
                              0xc64d2 (size before relaxing)
 .debug_str     0x000cb890      0x12b ./Core/Src/system_stm32l4xx.o
                              0xc6220 (size before relaxing)
 .debug_str     0x000cb9bb       0x23 ./Core/Src/wdt.o
                              0xc61b9 (size before relaxing)
 .debug_str     0x000cb9de       0x44 ./Core/Startup/startup_stm32l431rctx.o
                                 0x69 (size before relaxing)
 .debug_str     0x000cba22      0x64a ./Drivers/STM32L4xx_HAL_Driver/Src/stm32l4xx_hal.o
                              0xc6c7c (size before relaxing)
 .debug_str     0x000cc06c      0x340 ./Drivers/STM32L4xx_HAL_Driver/Src/stm32l4xx_hal_cortex.o
                              0xc695f (size before relaxing)
 .debug_str     0x000cc3ac      0x253 ./Drivers/STM32L4xx_HAL_Driver/Src/stm32l4xx_hal_dma.o
                              0xc6433 (size before relaxing)
 .debug_str     0x000cc5ff      0x3a3 ./Drivers/STM32L4xx_HAL_Driver/Src/stm32l4xx_hal_flash.o
                              0xc644b (size before relaxing)
 .debug_str     0x000cc9a2      0x226 ./Drivers/STM32L4xx_HAL_Driver/Src/stm32l4xx_hal_flash_ex.o
                              0xc646b (size before relaxing)
 .debug_str     0x000ccbc8      0x123 ./Drivers/STM32L4xx_HAL_Driver/Src/stm32l4xx_hal_gpio.o
                              0xc6340 (size before relaxing)
 .debug_str     0x000ccceb       0xeb ./Drivers/STM32L4xx_HAL_Driver/Src/stm32l4xx_hal_iwdg.o
                              0xc6136 (size before relaxing)
 .debug_str     0x000ccdd6      0x40c ./Drivers/STM32L4xx_HAL_Driver/Src/stm32l4xx_hal_pwr_ex.o
                              0xc6603 (size before relaxing)
 .debug_str     0x000cd1e2      0x31b ./Drivers/STM32L4xx_HAL_Driver/Src/stm32l4xx_hal_rcc.o
                              0xc67cc (size before relaxing)
 .debug_str     0x000cd4fd      0x536 ./Drivers/STM32L4xx_HAL_Driver/Src/stm32l4xx_hal_rcc_ex.o
                              0xc6a57 (size before relaxing)
 .debug_str     0x000cda33      0xe07 ./Drivers/STM32L4xx_HAL_Driver/Src/stm32l4xx_hal_tim.o
                              0xc7509 (size before relaxing)
 .debug_str     0x000ce83a      0x588 ./Drivers/STM32L4xx_HAL_Driver/Src/stm32l4xx_hal_tim_ex.o
                              0xc6e1d (size before relaxing)
 .debug_str     0x000cedc2      0x85f ./Drivers/STM32L4xx_HAL_Driver/Src/stm32l4xx_hal_uart.o
                              0xc6f24 (size before relaxing)
 .debug_str     0x000cf621      0x1db ./Drivers/STM32L4xx_HAL_Driver/Src/stm32l4xx_hal_uart_ex.o
                              0xc674d (size before relaxing)

.comment        0x00000000       0x43
 .comment       0x00000000       0x43 ./Core/Src/flash.o
                                 0x44 (size before relaxing)
 .comment       0x00000043       0x44 ./Core/Src/foo.o
 .comment       0x00000043       0x44 ./Core/Src/main.o
 .comment       0x00000043       0x44 ./Core/Src/pwm.o
 .comment       0x00000043       0x44 ./Core/Src/stm32l4xx_hal_msp.o
 .comment       0x00000043       0x44 ./Core/Src/stm32l4xx_it.o
 .comment       0x00000043       0x44 ./Core/Src/system_stm32l4xx.o
 .comment       0x00000043       0x44 ./Core/Src/wdt.o
 .comment       0x00000043       0x44 ./Drivers/STM32L4xx_HAL_Driver/Src/stm32l4xx_hal.o
 .comment       0x00000043       0x44 ./Drivers/STM32L4xx_HAL_Driver/Src/stm32l4xx_hal_cortex.o
 .comment       0x00000043       0x44 ./Drivers/STM32L4xx_HAL_Driver/Src/stm32l4xx_hal_dma.o
 .comment       0x00000043       0x44 ./Drivers/STM32L4xx_HAL_Driver/Src/stm32l4xx_hal_flash.o
 .comment       0x00000043       0x44 ./Drivers/STM32L4xx_HAL_Driver/Src/stm32l4xx_hal_flash_ex.o
 .comment       0x00000043       0x44 ./Drivers/STM32L4xx_HAL_Driver/Src/stm32l4xx_hal_gpio.o
 .comment       0x00000043       0x44 ./Drivers/STM32L4xx_HAL_Driver/Src/stm32l4xx_hal_iwdg.o
 .comment       0x00000043       0x44 ./Drivers/STM32L4xx_HAL_Driver/Src/stm32l4xx_hal_pwr_ex.o
 .comment       0x00000043       0x44 ./Drivers/STM32L4xx_HAL_Driver/Src/stm32l4xx_hal_rcc.o
 .comment       0x00000043       0x44 ./Drivers/STM32L4xx_HAL_Driver/Src/stm32l4xx_hal_rcc_ex.o
 .comment       0x00000043       0x44 ./Drivers/STM32L4xx_HAL_Driver/Src/stm32l4xx_hal_tim.o
 .comment       0x00000043       0x44 ./Drivers/STM32L4xx_HAL_Driver/Src/stm32l4xx_hal_tim_ex.o
 .comment       0x00000043       0x44 ./Drivers/STM32L4xx_HAL_Driver/Src/stm32l4xx_hal_uart.o
 .comment       0x00000043       0x44 ./Drivers/STM32L4xx_HAL_Driver/Src/stm32l4xx_hal_uart_ex.o

.debug_frame    0x00000000     0x47b4
 .debug_frame   0x00000000       0x84 ./Core/Src/flash.o
 .debug_frame   0x00000084       0xd4 ./Core/Src/foo.o
 .debug_frame   0x00000158      0x110 ./Core/Src/main.o
 .debug_frame   0x00000268       0x88 ./Core/Src/pwm.o
 .debug_frame   0x000002f0       0xf8 ./Core/Src/stm32l4xx_hal_msp.o
 .debug_frame   0x000003e8      0x120 ./Core/Src/stm32l4xx_it.o
 .debug_frame   0x00000508       0x58 ./Core/Src/system_stm32l4xx.o
 .debug_frame   0x00000560       0x58 ./Core/Src/wdt.o
 .debug_frame   0x000005b8      0x498 ./Drivers/STM32L4xx_HAL_Driver/Src/stm32l4xx_hal.o
 .debug_frame   0x00000a50      0x4e8 ./Drivers/STM32L4xx_HAL_Driver/Src/stm32l4xx_hal_cortex.o
 .debug_frame   0x00000f38      0x204 ./Drivers/STM32L4xx_HAL_Driver/Src/stm32l4xx_hal_dma.o
 .debug_frame   0x0000113c      0x204 ./Drivers/STM32L4xx_HAL_Driver/Src/stm32l4xx_hal_flash.o
 .debug_frame   0x00001340      0x248 ./Drivers/STM32L4xx_HAL_Driver/Src/stm32l4xx_hal_flash_ex.o
 .debug_frame   0x00001588      0x14c ./Drivers/STM32L4xx_HAL_Driver/Src/stm32l4xx_hal_gpio.o
 .debug_frame   0x000016d4       0x5c ./Drivers/STM32L4xx_HAL_Driver/Src/stm32l4xx_hal_iwdg.o
 .debug_frame   0x00001730      0x404 ./Drivers/STM32L4xx_HAL_Driver/Src/stm32l4xx_hal_pwr_ex.o
 .debug_frame   0x00001b34      0x21c ./Drivers/STM32L4xx_HAL_Driver/Src/stm32l4xx_hal_rcc.o
 .debug_frame   0x00001d50      0x3d0 ./Drivers/STM32L4xx_HAL_Driver/Src/stm32l4xx_hal_rcc_ex.o
 .debug_frame   0x00002120     0x121c ./Drivers/STM32L4xx_HAL_Driver/Src/stm32l4xx_hal_tim.o
 .debug_frame   0x0000333c      0x6b0 ./Drivers/STM32L4xx_HAL_Driver/Src/stm32l4xx_hal_tim_ex.o
 .debug_frame   0x000039ec      0x9f4 ./Drivers/STM32L4xx_HAL_Driver/Src/stm32l4xx_hal_uart.o
 .debug_frame   0x000043e0      0x204 ./Drivers/STM32L4xx_HAL_Driver/Src/stm32l4xx_hal_uart_ex.o
 .debug_frame   0x000045e4       0x20 C:/ST/STM32CubeIDE_1.14.1/STM32CubeIDE/plugins/com.st.stm32cube.ide.mcu.externaltools.gnu-tools-for-stm32.12.3.rel1.win32_1.0.200.202406191623/tools/bin/../lib/gcc/arm-none-eabi/12.3.1/../../../../arm-none-eabi/lib/thumb/v7e-m+fp/hard\libc_nano.a(libc_a-memset.o)
 .debug_frame   0x00004604       0x2c C:/ST/STM32CubeIDE_1.14.1/STM32CubeIDE/plugins/com.st.stm32cube.ide.mcu.externaltools.gnu-tools-for-stm32.12.3.rel1.win32_1.0.200.202406191623/tools/bin/../lib/gcc/arm-none-eabi/12.3.1/../../../../arm-none-eabi/lib/thumb/v7e-m+fp/hard\libc_nano.a(libc_a-init.o)
 .debug_frame   0x00004630       0x28 C:/ST/STM32CubeIDE_1.14.1/STM32CubeIDE/plugins/com.st.stm32cube.ide.mcu.externaltools.gnu-tools-for-stm32.12.3.rel1.win32_1.0.200.202406191623/tools/bin/../lib/gcc/arm-none-eabi/12.3.1/../../../../arm-none-eabi/lib/thumb/v7e-m+fp/hard\libc_nano.a(libc_a-memcpy-stub.o)
 .debug_frame   0x00004658       0x2c C:/ST/STM32CubeIDE_1.14.1/STM32CubeIDE/plugins/com.st.stm32cube.ide.mcu.externaltools.gnu-tools-for-stm32.12.3.rel1.win32_1.0.200.202406191623/tools/bin/../lib/gcc/arm-none-eabi/12.3.1/../../../../arm-none-eabi/lib/thumb/v7e-m+fp/hard\libm.a(libm_a-s_round.o)
 .debug_frame   0x00004684       0xac C:/ST/STM32CubeIDE_1.14.1/STM32CubeIDE/plugins/com.st.stm32cube.ide.mcu.externaltools.gnu-tools-for-stm32.12.3.rel1.win32_1.0.200.202406191623/tools/bin/../lib/gcc/arm-none-eabi/12.3.1/thumb/v7e-m+fp/hard\libgcc.a(_arm_addsubdf3.o)
 .debug_frame   0x00004730       0x24 C:/ST/STM32CubeIDE_1.14.1/STM32CubeIDE/plugins/com.st.stm32cube.ide.mcu.externaltools.gnu-tools-for-stm32.12.3.rel1.win32_1.0.200.202406191623/tools/bin/../lib/gcc/arm-none-eabi/12.3.1/thumb/v7e-m+fp/hard\libgcc.a(_arm_fixunsdfsi.o)
 .debug_frame   0x00004754       0x2c C:/ST/STM32CubeIDE_1.14.1/STM32CubeIDE/plugins/com.st.stm32cube.ide.mcu.externaltools.gnu-tools-for-stm32.12.3.rel1.win32_1.0.200.202406191623/tools/bin/../lib/gcc/arm-none-eabi/12.3.1/thumb/v7e-m+fp/hard\libgcc.a(_aeabi_uldivmod.o)
 .debug_frame   0x00004780       0x34 C:/ST/STM32CubeIDE_1.14.1/STM32CubeIDE/plugins/com.st.stm32cube.ide.mcu.externaltools.gnu-tools-for-stm32.12.3.rel1.win32_1.0.200.202406191623/tools/bin/../lib/gcc/arm-none-eabi/12.3.1/thumb/v7e-m+fp/hard\libgcc.a(_udivmoddi4.o)

.debug_line_str
                0x00000000       0x4d
 .debug_line_str
                0x00000000       0x4d ./Core/Startup/startup_stm32l431rctx.o
